*** Starting uWSGI 2.0.19.1 (64bit) on [Mon Sep 27 18:01:42 2021] ***
compiled with version: 4.8.5 20150623 (Red Hat 4.8.5-44) on 03 March 2021 01:45:58
os: Linux-3.10.0-1127.el7.x86_64 #1 SMP Tue Feb 18 16:39:12 EST 2020
nodename: localhost.localdomain
machine: x86_64
clock source: unix
pcre jit disabled
detected number of CPU cores: 16
current working directory: /home/trade/tora_ops/ToraOps/uwsgi_conf
writing pidfile to /home/trade/tora_ops/ToraOps//uwsgi_conf/uwsgi.pid
detected binary path: /home/trade/tora_ops/env/bin/uwsgi
chdir() to /home/trade/tora_ops/ToraOps/
your processes number limit is 4096
your memory page size is 4096 bytes
detected max file descriptor number: 1024
lock engine: pthread robust mutexes
thunder lock: enabled
uWSGI http bound on 0.0.0.0:9000 fd 3
uwsgi socket 0 bound to TCP address 127.0.0.1:9001 fd 6
Python version: 3.7.9 (default, Jan 12 2021, 17:48:19)  [GCC 4.8.5 20150623 (Red Hat 4.8.5-44)]
Python main interpreter initialized at 0x1cdc7d0
python threads support enabled
your server socket listen backlog is limited to 100 connections
your mercy for graceful operations on workers is 60 seconds
mapped 486672 bytes (475 KB) for 5 cores
*** Operational MODE: preforking ***
STATIC_ROOT: /home/trade/tora_ops/ToraOps/static
['url_param', 'passwd', 'parent_group', 'rc_grp_name', 'role_name_prefix']
controler=User&action=AddUserCloud
/奇点客户/宁桥路客户
begaining: []
Run time of job "test_job2 (trigger: interval[0:01:00], next run at: 2021-09-27 18:01:31 CST)" was missed by 0:00:13.142886
begaining222: [<Job (id=test_job2 name=test_job2)>, <Job (id=test_job name=test_job)>, <Job (id=cust_normal_monitor name=cust_normal_monitor)>, <Job (id=sms_control_init_task name=sms_control_init_task)>]
WSGI app 0 (mountpoint='') ready in 2 seconds on interpreter 0x1cdc7d0 pid: 3921 (default app)
*** uWSGI is running in multiple interpreter mode ***
spawned uWSGI master process (pid: 3921)
spawned uWSGI worker 1 (pid: 3940, cores: 1)
spawned uWSGI worker 2 (pid: 3942, cores: 1)
Python auto-reloader enabled
spawned uWSGI worker 3 (pid: 3944, cores: 1)
spawned uWSGI worker 4 (pid: 3945, cores: 1)
spawned uWSGI worker 5 (pid: 3947, cores: 1)
spawned uWSGI http 1 (pid: 3949)
[INFO][2021-09-27 18:02:31,682][monitor_task.py:30]test_job2 was called
args11111: ('para1vale', 'para2_value', 'test_job2') 3 <class 'str'>
job_id11111: test_job2
args2: ('para1vale', 'para2_value')
我是apscheduler任务 para1vale para2_value
res_call: {'result': False, 'data': "[{'disk_size:':200, 'memory':2400, 'msg':'Error'}]"}
[ERROR][2021-09-27 18:02:31,685][monitor_task.py:52]Error,执行失败 monitor_job: [test_job2] 执行监控项:[test_job2]，返回结果：[[{'disk_size:':200, 'memory':2400, 'msg':'Error'}]]
job_id,ntime: test_job2
instance.is_active111: 1
instance.is_active2: 1
ping正常
数据库连接状态： True
[pid: 3940|app: 0|req: 1/1] 10.168.9.83 () {44 vars in 927 bytes} [Mon Sep 27 18:03:11 2021] GET /ipmi-infos/getallbaseline/ => generated 2 bytes in 87 msecs (HTTP/1.1 200) 7 headers in 205 bytes (1 switches on core 0)
ping正常
数据库连接状态： True
ping正常
数据库连接状态： True
[pid: 3942|app: 0|req: 1/2] 10.168.9.83 () {44 vars in 929 bytes} [Mon Sep 27 18:03:11 2021] GET /ipmi-infos/getipmirecently/ => generated 2636 bytes in 71 msecs (HTTP/1.1 200) 7 headers in 208 bytes (1 switches on core 0)
Mon Sep 27 18:03:21 2021 - SIGPIPE: writing to a closed pipe/socket/fd (probably the client disconnected) on request /task-flows/?page=1 (ip 10.168.9.83) !!!
taskFlow's task_type: 6
taskFlow's status: 1
post_init task_status: 1
taskFlow's task_type: 6
taskFlow's status: 9
post_init task_status: 9
taskFlow's task_type: 7
taskFlow's status: 1
post_init task_status: 1
taskFlow's task_type: 8
taskFlow's status: 1
post_init task_status: 1
taskFlow's task_type: 7
taskFlow's status: 1
post_init task_status: 1
taskFlow's task_type: 8
taskFlow's status: 1
post_init task_status: 1
taskFlow's task_type: 6
taskFlow's status: 1
post_init task_status: 1
taskFlow's task_type: 8
taskFlow's status: 1
post_init task_status: 1
taskFlow's task_type: 6
taskFlow's status: 1
post_init task_status: 1
[pid: 3944|app: 0|req: 1/3] 10.168.9.83 () {44 vars in 926 bytes} [Mon Sep 27 18:03:21 2021] GET /task-flows/?page=1 => generated 8284 bytes in 84 msecs (HTTP/1.1 200) 7 headers in 214 bytes (1 switches on core 0)
Mon Sep 27 18:03:25 2021 - SIGPIPE: writing to a closed pipe/socket/fd (probably the client disconnected) on request /ipmi-infos/getallbaseline/ (ip 10.168.9.83) !!!
ping正常
数据库连接状态： True
[pid: 3945|app: 0|req: 1/4] 10.168.9.83 () {44 vars in 927 bytes} [Mon Sep 27 18:03:25 2021] GET /ipmi-infos/getallbaseline/ => generated 2 bytes in 83 msecs (HTTP/1.1 200) 7 headers in 205 bytes (1 switches on core 0)
Mon Sep 27 18:03:25 2021 - SIGPIPE: writing to a closed pipe/socket/fd (probably the client disconnected) on request /ipmi-infos/getipmirecently/ (ip 10.168.9.83) !!!
ping正常
数据库连接状态： True
ping正常
数据库连接状态： True
[pid: 3947|app: 0|req: 1/5] 10.168.9.83 () {44 vars in 929 bytes} [Mon Sep 27 18:03:25 2021] GET /ipmi-infos/getipmirecently/ => generated 2636 bytes in 112 msecs (HTTP/1.1 200) 7 headers in 208 bytes (1 switches on core 0)
[INFO][2021-09-27 18:03:31,678][monitor_task.py:30]test_job2 was called
args11111: ('para1vale', 'para2_value', 'test_job2') 3 <class 'str'>
job_id11111: test_job2
args2: ('para1vale', 'para2_value')
我是apscheduler任务 para1vale para2_value
res_call: {'result': False, 'data': "[{'disk_size:':200, 'memory':2400, 'msg':'Error'}]"}
[ERROR][2021-09-27 18:03:31,680][monitor_task.py:52]Error,执行失败 monitor_job: [test_job2] 执行监控项:[test_job2]，返回结果：[[{'disk_size:':200, 'memory':2400, 'msg':'Error'}]]
job_id,ntime: test_job2
instance.is_active111: 1
instance.is_active2: 1
ping正常
数据库连接状态： True
[pid: 3940|app: 0|req: 2/6] 10.168.9.83 () {44 vars in 927 bytes} [Mon Sep 27 18:03:34 2021] GET /ipmi-infos/getallbaseline/ => generated 2 bytes in 27 msecs (HTTP/1.1 200) 7 headers in 205 bytes (1 switches on core 0)
ping正常
数据库连接状态： True
ping正常
数据库连接状态： True
[pid: 3942|app: 0|req: 2/7] 10.168.9.83 () {44 vars in 929 bytes} [Mon Sep 27 18:03:34 2021] GET /ipmi-infos/getipmirecently/ => generated 2636 bytes in 31 msecs (HTTP/1.1 200) 7 headers in 208 bytes (1 switches on core 0)
[INFO][2021-09-27 18:04:31,663][monitor_task.py:30]test_job2 was called
args11111: ('para1vale', 'para2_value', 'test_job2') 3 <class 'str'>
job_id11111: test_job2
args2: ('para1vale', 'para2_value')
我是apscheduler任务 para1vale para2_value
res_call: {'result': False, 'data': "[{'disk_size:':200, 'memory':2400, 'msg':'Error'}]"}
[ERROR][2021-09-27 18:04:31,664][monitor_task.py:52]Error,执行失败 monitor_job: [test_job2] 执行监控项:[test_job2]，返回结果：[[{'disk_size:':200, 'memory':2400, 'msg':'Error'}]]
job_id,ntime: test_job2
instance.is_active111: 1
instance.is_active2: 1
[INFO][2021-09-27 18:05:23,122][monitor_task.py:30]test_job was called
args11111: ('test_job',) 1 <class 'str'>
job_id11111: test_job
args2: ()
I am testjob1
res_call: {'result': True, 'data': "[{'disk_size:':100, 'memory':2400, 'msg':'ok'}]"}
[INFO][2021-09-27 18:05:23,125][monitor_task.py:49]Ok,执行成功 monitor_job: [test_job] 执行监控项:[test_job]，返回结果：[[{'disk_size:':100, 'memory':2400, 'msg':'ok'}]]
job_id,ntime: test_job
instance.is_active111: 1
instance.is_active2: 1
[INFO][2021-09-27 18:05:31,663][monitor_task.py:30]test_job2 was called
args11111: ('para1vale', 'para2_value', 'test_job2') 3 <class 'str'>
job_id11111: test_job2
args2: ('para1vale', 'para2_value')
我是apscheduler任务 para1vale para2_value
res_call: {'result': False, 'data': "[{'disk_size:':200, 'memory':2400, 'msg':'Error'}]"}
[ERROR][2021-09-27 18:05:31,666][monitor_task.py:52]Error,执行失败 monitor_job: [test_job2] 执行监控项:[test_job2]，返回结果：[[{'disk_size:':200, 'memory':2400, 'msg':'Error'}]]
job_id,ntime: test_job2
instance.is_active111: 1
instance.is_active2: 1
[INFO][2021-09-27 18:06:31,663][monitor_task.py:30]test_job2 was called
args11111: ('para1vale', 'para2_value', 'test_job2') 3 <class 'str'>
job_id11111: test_job2
args2: ('para1vale', 'para2_value')
我是apscheduler任务 para1vale para2_value
res_call: {'result': False, 'data': "[{'disk_size:':200, 'memory':2400, 'msg':'Error'}]"}
[ERROR][2021-09-27 18:06:31,664][monitor_task.py:52]Error,执行失败 monitor_job: [test_job2] 执行监控项:[test_job2]，返回结果：[[{'disk_size:':200, 'memory':2400, 'msg':'Error'}]]
job_id,ntime: test_job2
instance.is_active111: 1
instance.is_active2: 1
[INFO][2021-09-27 18:07:31,668][monitor_task.py:30]test_job2 was called
args11111: ('para1vale', 'para2_value', 'test_job2') 3 <class 'str'>
job_id11111: test_job2
args2: ('para1vale', 'para2_value')
我是apscheduler任务 para1vale para2_value
res_call: {'result': False, 'data': "[{'disk_size:':200, 'memory':2400, 'msg':'Error'}]"}
[ERROR][2021-09-27 18:07:31,668][monitor_task.py:52]Error,执行失败 monitor_job: [test_job2] 执行监控项:[test_job2]，返回结果：[[{'disk_size:':200, 'memory':2400, 'msg':'Error'}]]
job_id,ntime: test_job2
instance.is_active111: 1
instance.is_active2: 1
[INFO][2021-09-27 18:08:31,659][monitor_task.py:30]test_job2 was called
args11111: ('para1vale', 'para2_value', 'test_job2') 3 <class 'str'>
job_id11111: test_job2
args2: ('para1vale', 'para2_value')
我是apscheduler任务 para1vale para2_value
res_call: {'result': False, 'data': "[{'disk_size:':200, 'memory':2400, 'msg':'Error'}]"}
[ERROR][2021-09-27 18:08:31,660][monitor_task.py:52]Error,执行失败 monitor_job: [test_job2] 执行监控项:[test_job2]，返回结果：[[{'disk_size:':200, 'memory':2400, 'msg':'Error'}]]
job_id,ntime: test_job2
instance.is_active111: 1
instance.is_active2: 1
[INFO][2021-09-27 18:09:31,672][monitor_task.py:30]test_job2 was called
args11111: ('para1vale', 'para2_value', 'test_job2') 3 <class 'str'>
job_id11111: test_job2
args2: ('para1vale', 'para2_value')
我是apscheduler任务 para1vale para2_value
res_call: {'result': False, 'data': "[{'disk_size:':200, 'memory':2400, 'msg':'Error'}]"}
[ERROR][2021-09-27 18:09:31,673][monitor_task.py:52]Error,执行失败 monitor_job: [test_job2] 执行监控项:[test_job2]，返回结果：[[{'disk_size:':200, 'memory':2400, 'msg':'Error'}]]
job_id,ntime: test_job2
instance.is_active111: 1
instance.is_active2: 1
[INFO][2021-09-27 18:10:23,121][monitor_task.py:30]test_job was called
args11111: ('test_job',) 1 <class 'str'>
job_id11111: test_job
args2: ()
I am testjob1
res_call: {'result': True, 'data': "[{'disk_size:':100, 'memory':2400, 'msg':'ok'}]"}
[INFO][2021-09-27 18:10:23,123][monitor_task.py:49]Ok,执行成功 monitor_job: [test_job] 执行监控项:[test_job]，返回结果：[[{'disk_size:':100, 'memory':2400, 'msg':'ok'}]]
job_id,ntime: test_job
instance.is_active111: 1
instance.is_active2: 1
[INFO][2021-09-27 18:10:31,664][monitor_task.py:30]test_job2 was called
args11111: ('para1vale', 'para2_value', 'test_job2') 3 <class 'str'>
job_id11111: test_job2
args2: ('para1vale', 'para2_value')
我是apscheduler任务 para1vale para2_value
res_call: {'result': False, 'data': "[{'disk_size:':200, 'memory':2400, 'msg':'Error'}]"}
[ERROR][2021-09-27 18:10:31,666][monitor_task.py:52]Error,执行失败 monitor_job: [test_job2] 执行监控项:[test_job2]，返回结果：[[{'disk_size:':200, 'memory':2400, 'msg':'Error'}]]
job_id,ntime: test_job2
instance.is_active111: 1
instance.is_active2: 1
[INFO][2021-09-27 18:11:31,664][monitor_task.py:30]test_job2 was called
args11111: ('para1vale', 'para2_value', 'test_job2') 3 <class 'str'>
job_id11111: test_job2
args2: ('para1vale', 'para2_value')
我是apscheduler任务 para1vale para2_value
res_call: {'result': False, 'data': "[{'disk_size:':200, 'memory':2400, 'msg':'Error'}]"}
[ERROR][2021-09-27 18:11:31,668][monitor_task.py:52]Error,执行失败 monitor_job: [test_job2] 执行监控项:[test_job2]，返回结果：[[{'disk_size:':200, 'memory':2400, 'msg':'Error'}]]
job_id,ntime: test_job2
instance.is_active111: 1
instance.is_active2: 1
[INFO][2021-09-27 18:12:31,663][monitor_task.py:30]test_job2 was called
args11111: ('para1vale', 'para2_value', 'test_job2') 3 <class 'str'>
job_id11111: test_job2
args2: ('para1vale', 'para2_value')
我是apscheduler任务 para1vale para2_value
res_call: {'result': False, 'data': "[{'disk_size:':200, 'memory':2400, 'msg':'Error'}]"}
[ERROR][2021-09-27 18:12:31,665][monitor_task.py:52]Error,执行失败 monitor_job: [test_job2] 执行监控项:[test_job2]，返回结果：[[{'disk_size:':200, 'memory':2400, 'msg':'Error'}]]
job_id,ntime: test_job2
instance.is_active111: 1
instance.is_active2: 1
[INFO][2021-09-27 18:13:31,668][monitor_task.py:30]test_job2 was called
args11111: ('para1vale', 'para2_value', 'test_job2') 3 <class 'str'>
job_id11111: test_job2
args2: ('para1vale', 'para2_value')
我是apscheduler任务 para1vale para2_value
res_call: {'result': False, 'data': "[{'disk_size:':200, 'memory':2400, 'msg':'Error'}]"}
[ERROR][2021-09-27 18:13:31,671][monitor_task.py:52]Error,执行失败 monitor_job: [test_job2] 执行监控项:[test_job2]，返回结果：[[{'disk_size:':200, 'memory':2400, 'msg':'Error'}]]
job_id,ntime: test_job2
instance.is_active111: 1
instance.is_active2: 1
[INFO][2021-09-27 18:14:31,660][monitor_task.py:30]test_job2 was called
args11111: ('para1vale', 'para2_value', 'test_job2') 3 <class 'str'>
job_id11111: test_job2
args2: ('para1vale', 'para2_value')
我是apscheduler任务 para1vale para2_value
res_call: {'result': False, 'data': "[{'disk_size:':200, 'memory':2400, 'msg':'Error'}]"}
[ERROR][2021-09-27 18:14:31,662][monitor_task.py:52]Error,执行失败 monitor_job: [test_job2] 执行监控项:[test_job2]，返回结果：[[{'disk_size:':200, 'memory':2400, 'msg':'Error'}]]
job_id,ntime: test_job2
instance.is_active111: 1
instance.is_active2: 1
[INFO][2021-09-27 18:15:23,121][monitor_task.py:30]test_job was called
args11111: ('test_job',) 1 <class 'str'>
job_id11111: test_job
args2: ()
I am testjob1
res_call: {'result': True, 'data': "[{'disk_size:':100, 'memory':2400, 'msg':'ok'}]"}
[INFO][2021-09-27 18:15:23,123][monitor_task.py:49]Ok,执行成功 monitor_job: [test_job] 执行监控项:[test_job]，返回结果：[[{'disk_size:':100, 'memory':2400, 'msg':'ok'}]]
job_id,ntime: test_job
instance.is_active111: 1
instance.is_active2: 1
[INFO][2021-09-27 18:15:31,669][monitor_task.py:30]test_job2 was called
args11111: ('para1vale', 'para2_value', 'test_job2') 3 <class 'str'>
job_id11111: test_job2
args2: ('para1vale', 'para2_value')
我是apscheduler任务 para1vale para2_value
res_call: {'result': False, 'data': "[{'disk_size:':200, 'memory':2400, 'msg':'Error'}]"}
[ERROR][2021-09-27 18:15:31,674][monitor_task.py:52]Error,执行失败 monitor_job: [test_job2] 执行监控项:[test_job2]，返回结果：[[{'disk_size:':200, 'memory':2400, 'msg':'Error'}]]
job_id,ntime: test_job2
instance.is_active111: 1
instance.is_active2: 1
[INFO][2021-09-27 18:16:31,667][monitor_task.py:30]test_job2 was called
args11111: ('para1vale', 'para2_value', 'test_job2') 3 <class 'str'>
job_id11111: test_job2
args2: ('para1vale', 'para2_value')
我是apscheduler任务 para1vale para2_value
res_call: {'result': False, 'data': "[{'disk_size:':200, 'memory':2400, 'msg':'Error'}]"}
[ERROR][2021-09-27 18:16:31,669][monitor_task.py:52]Error,执行失败 monitor_job: [test_job2] 执行监控项:[test_job2]，返回结果：[[{'disk_size:':200, 'memory':2400, 'msg':'Error'}]]
job_id,ntime: test_job2
instance.is_active111: 1
instance.is_active2: 1
[INFO][2021-09-27 18:17:31,661][monitor_task.py:30]test_job2 was called
args11111: ('para1vale', 'para2_value', 'test_job2') 3 <class 'str'>
job_id11111: test_job2
args2: ('para1vale', 'para2_value')
我是apscheduler任务 para1vale para2_value
res_call: {'result': False, 'data': "[{'disk_size:':200, 'memory':2400, 'msg':'Error'}]"}
[ERROR][2021-09-27 18:17:31,663][monitor_task.py:52]Error,执行失败 monitor_job: [test_job2] 执行监控项:[test_job2]，返回结果：[[{'disk_size:':200, 'memory':2400, 'msg':'Error'}]]
job_id,ntime: test_job2
instance.is_active111: 1
instance.is_active2: 1
ping正常
数据库连接状态： True
[pid: 3944|app: 0|req: 2/8] 10.168.9.83 () {44 vars in 927 bytes} [Mon Sep 27 18:17:51 2021] GET /ipmi-infos/getallbaseline/ => generated 2 bytes in 49 msecs (HTTP/1.1 200) 7 headers in 205 bytes (1 switches on core 0)
ping正常
数据库连接状态： True
ping正常
数据库连接状态： True
[pid: 3945|app: 0|req: 2/9] 10.168.9.83 () {44 vars in 929 bytes} [Mon Sep 27 18:17:51 2021] GET /ipmi-infos/getipmirecently/ => generated 5130 bytes in 44 msecs (HTTP/1.1 200) 7 headers in 208 bytes (1 switches on core 0)
taskFlow's task_type: 6
taskFlow's status: 1
post_init task_status: 1
taskFlow's task_type: 6
taskFlow's status: 9
post_init task_status: 9
taskFlow's task_type: 7
taskFlow's status: 1
post_init task_status: 1
taskFlow's task_type: 8
taskFlow's status: 1
post_init task_status: 1
taskFlow's task_type: 7
taskFlow's status: 1
post_init task_status: 1
taskFlow's task_type: 8
taskFlow's status: 1
post_init task_status: 1
taskFlow's task_type: 6
taskFlow's status: 1
post_init task_status: 1
taskFlow's task_type: 8
taskFlow's status: 1
post_init task_status: 1
taskFlow's task_type: 6
taskFlow's status: 1
post_init task_status: 1
[pid: 3947|app: 0|req: 2/10] 10.168.9.83 () {44 vars in 926 bytes} [Mon Sep 27 18:18:03 2021] GET /task-flows/?page=1 => generated 8284 bytes in 59 msecs (HTTP/1.1 200) 7 headers in 214 bytes (1 switches on core 0)
ping正常
数据库连接状态： True
[pid: 3940|app: 0|req: 3/11] 10.168.9.83 () {44 vars in 927 bytes} [Mon Sep 27 18:18:05 2021] GET /ipmi-infos/getallbaseline/ => generated 2 bytes in 27 msecs (HTTP/1.1 200) 7 headers in 205 bytes (1 switches on core 0)
ping正常
数据库连接状态： True
ping正常
数据库连接状态： True
[pid: 3942|app: 0|req: 3/12] 10.168.9.83 () {44 vars in 929 bytes} [Mon Sep 27 18:18:05 2021] GET /ipmi-infos/getipmirecently/ => generated 5130 bytes in 33 msecs (HTTP/1.1 200) 7 headers in 208 bytes (1 switches on core 0)
[INFO][2021-09-27 18:18:31,665][monitor_task.py:30]test_job2 was called
args11111: ('para1vale', 'para2_value', 'test_job2') 3 <class 'str'>
job_id11111: test_job2
args2: ('para1vale', 'para2_value')
我是apscheduler任务 para1vale para2_value
res_call: {'result': False, 'data': "[{'disk_size:':200, 'memory':2400, 'msg':'Error'}]"}
[ERROR][2021-09-27 18:18:31,667][monitor_task.py:52]Error,执行失败 monitor_job: [test_job2] 执行监控项:[test_job2]，返回结果：[[{'disk_size:':200, 'memory':2400, 'msg':'Error'}]]
job_id,ntime: test_job2
instance.is_active111: 1
instance.is_active2: 1
[INFO][2021-09-27 18:19:31,659][monitor_task.py:30]test_job2 was called
args11111: ('para1vale', 'para2_value', 'test_job2') 3 <class 'str'>
job_id11111: test_job2
args2: ('para1vale', 'para2_value')
我是apscheduler任务 para1vale para2_value
res_call: {'result': False, 'data': "[{'disk_size:':200, 'memory':2400, 'msg':'Error'}]"}
[ERROR][2021-09-27 18:19:31,661][monitor_task.py:52]Error,执行失败 monitor_job: [test_job2] 执行监控项:[test_job2]，返回结果：[[{'disk_size:':200, 'memory':2400, 'msg':'Error'}]]
job_id,ntime: test_job2
instance.is_active111: 1
instance.is_active2: 1
[INFO][2021-09-27 18:20:23,117][monitor_task.py:30]test_job was called
args11111: ('test_job',) 1 <class 'str'>
job_id11111: test_job
args2: ()
I am testjob1
res_call: {'result': True, 'data': "[{'disk_size:':100, 'memory':2400, 'msg':'ok'}]"}
[INFO][2021-09-27 18:20:23,119][monitor_task.py:49]Ok,执行成功 monitor_job: [test_job] 执行监控项:[test_job]，返回结果：[[{'disk_size:':100, 'memory':2400, 'msg':'ok'}]]
job_id,ntime: test_job
instance.is_active111: 1
instance.is_active2: 1
[INFO][2021-09-27 18:20:31,660][monitor_task.py:30]test_job2 was called
args11111: ('para1vale', 'para2_value', 'test_job2') 3 <class 'str'>
job_id11111: test_job2
args2: ('para1vale', 'para2_value')
我是apscheduler任务 para1vale para2_value
res_call: {'result': False, 'data': "[{'disk_size:':200, 'memory':2400, 'msg':'Error'}]"}
[ERROR][2021-09-27 18:20:31,662][monitor_task.py:52]Error,执行失败 monitor_job: [test_job2] 执行监控项:[test_job2]，返回结果：[[{'disk_size:':200, 'memory':2400, 'msg':'Error'}]]
job_id,ntime: test_job2
instance.is_active111: 1
instance.is_active2: 1
[INFO][2021-09-27 18:21:31,668][monitor_task.py:30]test_job2 was called
args11111: ('para1vale', 'para2_value', 'test_job2') 3 <class 'str'>
job_id11111: test_job2
args2: ('para1vale', 'para2_value')
我是apscheduler任务 para1vale para2_value
res_call: {'result': False, 'data': "[{'disk_size:':200, 'memory':2400, 'msg':'Error'}]"}
[ERROR][2021-09-27 18:21:31,670][monitor_task.py:52]Error,执行失败 monitor_job: [test_job2] 执行监控项:[test_job2]，返回结果：[[{'disk_size:':200, 'memory':2400, 'msg':'Error'}]]
job_id,ntime: test_job2
instance.is_active111: 1
instance.is_active2: 1
[INFO][2021-09-27 18:22:31,660][monitor_task.py:30]test_job2 was called
args11111: ('para1vale', 'para2_value', 'test_job2') 3 <class 'str'>
job_id11111: test_job2
args2: ('para1vale', 'para2_value')
我是apscheduler任务 para1vale para2_value
res_call: {'result': False, 'data': "[{'disk_size:':200, 'memory':2400, 'msg':'Error'}]"}
[ERROR][2021-09-27 18:22:31,664][monitor_task.py:52]Error,执行失败 monitor_job: [test_job2] 执行监控项:[test_job2]，返回结果：[[{'disk_size:':200, 'memory':2400, 'msg':'Error'}]]
job_id,ntime: test_job2
instance.is_active111: 1
instance.is_active2: 1
[INFO][2021-09-27 18:23:31,659][monitor_task.py:30]test_job2 was called
args11111: ('para1vale', 'para2_value', 'test_job2') 3 <class 'str'>
job_id11111: test_job2
args2: ('para1vale', 'para2_value')
我是apscheduler任务 para1vale para2_value
res_call: {'result': False, 'data': "[{'disk_size:':200, 'memory':2400, 'msg':'Error'}]"}
[ERROR][2021-09-27 18:23:31,664][monitor_task.py:52]Error,执行失败 monitor_job: [test_job2] 执行监控项:[test_job2]，返回结果：[[{'disk_size:':200, 'memory':2400, 'msg':'Error'}]]
job_id,ntime: test_job2
instance.is_active111: 1
instance.is_active2: 1
[INFO][2021-09-27 18:24:31,664][monitor_task.py:30]test_job2 was called
args11111: ('para1vale', 'para2_value', 'test_job2') 3 <class 'str'>
job_id11111: test_job2
args2: ('para1vale', 'para2_value')
我是apscheduler任务 para1vale para2_value
res_call: {'result': False, 'data': "[{'disk_size:':200, 'memory':2400, 'msg':'Error'}]"}
[ERROR][2021-09-27 18:24:31,669][monitor_task.py:52]Error,执行失败 monitor_job: [test_job2] 执行监控项:[test_job2]，返回结果：[[{'disk_size:':200, 'memory':2400, 'msg':'Error'}]]
job_id,ntime: test_job2
instance.is_active111: 1
instance.is_active2: 1
[INFO][2021-09-27 18:25:00,030][monitor_task.py:30]cust_normal_monitor was called
args11111: ('85', '85', 'cust_normal_monitor') 3 <class 'str'>
job_id11111: cust_normal_monitor
args2: ('85', '85')
UP ***********
FAILED *******
DOWN *********
excute_ansible finished!
disklist: ['devtmpfs', '63G', '0', '63G', '0%', '/dev']
[INFO][2021-09-27 18:25:01,690][server_manager_by_key.py:232]Use_Rate:0%
disklist: ['tmpfs', '63G', '0', '63G', '0%', '/dev/shm']
[INFO][2021-09-27 18:25:01,691][server_manager_by_key.py:232]Use_Rate:0%
disklist: ['tmpfs', '63G', '258M', '63G', '1%', '/run']
[INFO][2021-09-27 18:25:01,691][server_manager_by_key.py:232]Use_Rate:1%
disklist: ['tmpfs', '63G', '0', '63G', '0%', '/sys/fs/cgroup']
[INFO][2021-09-27 18:25:01,691][server_manager_by_key.py:232]Use_Rate:0%
disklist: ['/dev/mapper/centos-root', '50G', '1.8G', '49G', '4%', '/']
[INFO][2021-09-27 18:25:01,691][server_manager_by_key.py:232]Use_Rate:4%
disklist: ['/dev/md126p1', '1014M', '152M', '863M', '15%', '/boot']
[INFO][2021-09-27 18:25:01,692][server_manager_by_key.py:232]Use_Rate:15%
disklist: ['/dev/mapper/centos-home', '370G', '244G', '127G', '66%', '/home']
[INFO][2021-09-27 18:25:01,692][server_manager_by_key.py:232]Use_Rate:66%
disklist: ['tmpfs', '13G', '0', '13G', '0%', '/run/user/1000']
[INFO][2021-09-27 18:25:01,692][server_manager_by_key.py:232]Use_Rate:0%
disklist: ['tmpfs', '13G', '0', '13G', '0%', '/run/user/0']
[INFO][2021-09-27 18:25:01,692][server_manager_by_key.py:232]Use_Rate:0%
disk_res: {'10.168.9.81': [['devtmpfs', '63G', '0', '63G', '0%', '/dev'], ['tmpfs', '63G', '0', '63G', '0%', '/dev/shm'], ['tmpfs', '63G', '258M', '63G', '1%', '/run'], ['tmpfs', '63G', '0', '63G', '0%', '/sys/fs/cgroup'], ['/dev/mapper/centos-root', '50G', '1.8G', '49G', '4%', '/'], ['/dev/md126p1', '1014M', '152M', '863M', '15%', '/boot'], ['/dev/mapper/centos-home', '370G', '244G', '127G', '66%', '/home'], ['tmpfs', '13G', '0', '13G', '0%', '/run/user/1000'], ['tmpfs', '13G', '0', '13G', '0%', '/run/user/0']]}
UP ***********
FAILED *******
DOWN *********
excute_ansible finished!
stdout: ['MemTotal:       131623260 kB', 'MemFree:        37937908 kB', 'MemAvailable:   113450008 kB', 'Buffers:               0 kB', 'Cached:         87950288 kB', 'SwapCached:          672 kB', 'Active:         69621176 kB', 'Inactive:       20603420 kB', 'Active(anon):   14674216 kB', 'Inactive(anon):   945232 kB', 'Active(file):   54946960 kB', 'Inactive(file): 19658188 kB', 'Unevictable:       10952 kB', 'Mlocked:           10952 kB', 'SwapTotal:       4194300 kB', 'SwapFree:        4092412 kB', 'Dirty:               152 kB', 'Writeback:             0 kB', 'AnonPages:       2284964 kB', 'Mapped:         11440156 kB', 'Shmem:          13342804 kB', 'Slab:            1851296 kB', 'SReclaimable:    1700904 kB', 'SUnreclaim:       150392 kB', 'KernelStack:        5376 kB', 'PageTables:       603844 kB', 'NFS_Unstable:          0 kB', 'Bounce:                0 kB', 'WritebackTmp:          0 kB', 'CommitLimit:    70005928 kB', 'Committed_AS:   37776784 kB', 'VmallocTotal:   34359738367 kB', 'VmallocUsed:      511316 kB', 'VmallocChunk:   34358929404 kB', 'Percpu:            16000 kB', 'HardwareCorrupted:     0 kB', 'AnonHugePages:     12288 kB', 'CmaTotal:              0 kB', 'CmaFree:               0 kB', 'HugePages_Total:       0', 'HugePages_Free:        0', 'HugePages_Rsvd:        0', 'HugePages_Surp:        0', 'Hugepagesize:       2048 kB', 'DirectMap4k:      135616 kB', 'DirectMap2M:     5922816 kB', 'DirectMap1G:    130023424 kB']
mem_info: {'10.168.9.81': {'MemTotal': '131623260', 'MemFree': '37937908', 'MemAvailable': '113450008', 'Buffers': '0', 'Cached': '87950288', 'SwapCached': '672', 'SwapTotal': '4194300', 'SwapFree': '4092412'}}
[INFO][2021-09-27 18:25:02,694][monitor_task.py:260]BuffersCachedRate:66.82%
Rate_Mem: 4.36
UP ***********
FAILED *******
DOWN *********
excute_ansible finished!
disklist: ['devtmpfs', '63G', '0', '63G', '0%', '/dev']
[INFO][2021-09-27 18:25:03,435][server_manager_by_key.py:232]Use_Rate:0%
disklist: ['tmpfs', '63G', '0', '63G', '0%', '/dev/shm']
[INFO][2021-09-27 18:25:03,435][server_manager_by_key.py:232]Use_Rate:0%
disklist: ['tmpfs', '63G', '450M', '63G', '1%', '/run']
[INFO][2021-09-27 18:25:03,435][server_manager_by_key.py:232]Use_Rate:1%
disklist: ['tmpfs', '63G', '0', '63G', '0%', '/sys/fs/cgroup']
[INFO][2021-09-27 18:25:03,435][server_manager_by_key.py:232]Use_Rate:0%
disklist: ['/dev/mapper/centos-root', '50G', '1.9G', '49G', '4%', '/']
[INFO][2021-09-27 18:25:03,435][server_manager_by_key.py:232]Use_Rate:4%
disklist: ['/dev/md126p1', '1014M', '152M', '863M', '15%', '/boot']
[INFO][2021-09-27 18:25:03,436][server_manager_by_key.py:232]Use_Rate:15%
disklist: ['/dev/mapper/centos-home', '370G', '263G', '108G', '71%', '/home']
[INFO][2021-09-27 18:25:03,436][server_manager_by_key.py:232]Use_Rate:71%
disklist: ['tmpfs', '13G', '0', '13G', '0%', '/run/user/1000']
[INFO][2021-09-27 18:25:03,436][server_manager_by_key.py:232]Use_Rate:0%
disklist: ['tmpfs', '13G', '0', '13G', '0%', '/run/user/0']
[INFO][2021-09-27 18:25:03,436][server_manager_by_key.py:232]Use_Rate:0%
disk_res: {'192.168.10.94': [['devtmpfs', '63G', '0', '63G', '0%', '/dev'], ['tmpfs', '63G', '0', '63G', '0%', '/dev/shm'], ['tmpfs', '63G', '450M', '63G', '1%', '/run'], ['tmpfs', '63G', '0', '63G', '0%', '/sys/fs/cgroup'], ['/dev/mapper/centos-root', '50G', '1.9G', '49G', '4%', '/'], ['/dev/md126p1', '1014M', '152M', '863M', '15%', '/boot'], ['/dev/mapper/centos-home', '370G', '263G', '108G', '71%', '/home'], ['tmpfs', '13G', '0', '13G', '0%', '/run/user/1000'], ['tmpfs', '13G', '0', '13G', '0%', '/run/user/0']]}
UP ***********
FAILED *******
DOWN *********
excute_ansible finished!
stdout: ['MemTotal:       131623312 kB', 'MemFree:          755680 kB', 'MemAvailable:   123310564 kB', 'Buffers:               0 kB', 'Cached:         124103336 kB', 'SwapCached:         3572 kB', 'Active:         61250056 kB', 'Inactive:       64646056 kB', 'Active(anon):    5091064 kB', 'Inactive(anon):  1151148 kB', 'Active(file):   56158992 kB', 'Inactive(file): 63494908 kB', 'Unevictable:       10952 kB', 'Mlocked:           10952 kB', 'SwapTotal:       4194300 kB', 'SwapFree:        3374500 kB', 'Dirty:                28 kB', 'Writeback:             0 kB', 'AnonPages:       1801716 kB', 'Mapped:          1544416 kB', 'Shmem:           4447100 kB', 'Slab:            3903532 kB', 'SReclaimable:    3694924 kB', 'SUnreclaim:       208608 kB', 'KernelStack:        5280 kB', 'PageTables:        48004 kB', 'NFS_Unstable:          0 kB', 'Bounce:                0 kB', 'WritebackTmp:          0 kB', 'CommitLimit:    70005956 kB', 'Committed_AS:    6917292 kB', 'VmallocTotal:   34359738367 kB', 'VmallocUsed:      512532 kB', 'VmallocChunk:   34358929404 kB', 'Percpu:            16000 kB', 'HardwareCorrupted:     0 kB', 'AnonHugePages:    546816 kB', 'CmaTotal:              0 kB', 'CmaFree:               0 kB', 'HugePages_Total:       0', 'HugePages_Free:        0', 'HugePages_Rsvd:        0', 'HugePages_Surp:        0', 'Hugepagesize:       2048 kB', 'DirectMap4k:      168436 kB', 'DirectMap2M:    13230080 kB', 'DirectMap1G:    122683392 kB']
mem_info: {'192.168.10.94': {'MemTotal': '131623312', 'MemFree': '755680', 'MemAvailable': '123310564', 'Buffers': '0', 'Cached': '124103336', 'SwapCached': '3572', 'SwapTotal': '4194300', 'SwapFree': '3374500'}}
[INFO][2021-09-27 18:25:04,022][monitor_task.py:260]BuffersCachedRate:94.29%
Rate_Mem: 5.14
UP ***********
FAILED *******
DOWN *********
excute_ansible finished!
disklist: ['/dev/mapper/centos-root', '50G', '16G', '35G', '31%', '/']
[INFO][2021-09-27 18:25:05,877][server_manager_by_key.py:232]Use_Rate:31%
disklist: ['devtmpfs', '126G', '0', '126G', '0%', '/dev']
[INFO][2021-09-27 18:25:05,877][server_manager_by_key.py:232]Use_Rate:0%
disklist: ['tmpfs', '126G', '0', '126G', '0%', '/dev/shm']
[INFO][2021-09-27 18:25:05,877][server_manager_by_key.py:232]Use_Rate:0%
disklist: ['tmpfs', '126G', '147M', '126G', '1%', '/run']
[INFO][2021-09-27 18:25:05,877][server_manager_by_key.py:232]Use_Rate:1%
disklist: ['tmpfs', '126G', '0', '126G', '0%', '/sys/fs/cgroup']
[INFO][2021-09-27 18:25:05,877][server_manager_by_key.py:232]Use_Rate:0%
disklist: ['/dev/sda2', '1014M', '134M', '881M', '14%', '/boot']
[INFO][2021-09-27 18:25:05,877][server_manager_by_key.py:232]Use_Rate:14%
disklist: ['/dev/sda1', '200M', '9.8M', '191M', '5%', '/boot/efi']
[INFO][2021-09-27 18:25:05,877][server_manager_by_key.py:232]Use_Rate:5%
disklist: ['/dev/mapper/centos-home', '838G', '1.8G', '836G', '1%', '/home']
[INFO][2021-09-27 18:25:05,877][server_manager_by_key.py:232]Use_Rate:1%
disklist: ['tmpfs', '26G', '0', '26G', '0%', '/run/user/0']
[INFO][2021-09-27 18:25:05,878][server_manager_by_key.py:232]Use_Rate:0%
disk_res: {'10.188.82.137': [['/dev/mapper/centos-root', '50G', '16G', '35G', '31%', '/'], ['devtmpfs', '126G', '0', '126G', '0%', '/dev'], ['tmpfs', '126G', '0', '126G', '0%', '/dev/shm'], ['tmpfs', '126G', '147M', '126G', '1%', '/run'], ['tmpfs', '126G', '0', '126G', '0%', '/sys/fs/cgroup'], ['/dev/sda2', '1014M', '134M', '881M', '14%', '/boot'], ['/dev/sda1', '200M', '9.8M', '191M', '5%', '/boot/efi'], ['/dev/mapper/centos-home', '838G', '1.8G', '836G', '1%', '/home'], ['tmpfs', '26G', '0', '26G', '0%', '/run/user/0']]}
UP ***********
FAILED *******
DOWN *********
excute_ansible finished!
stdout: ['MemTotal:       263585352 kB', 'MemFree:        241230996 kB', 'MemAvailable:   258582296 kB', 'Buffers:            6460 kB', 'Cached:         17528532 kB', 'SwapCached:            0 kB', 'Active:          7646680 kB', 'Inactive:       11217664 kB', 'Active(anon):    1400604 kB', 'Inactive(anon):    78972 kB', 'Active(file):    6246076 kB', 'Inactive(file): 11138692 kB', 'Unevictable:           0 kB', 'Mlocked:               0 kB', 'SwapTotal:       4194300 kB', 'SwapFree:        4194300 kB', 'Dirty:                24 kB', 'Writeback:             0 kB', 'AnonPages:       1329404 kB', 'Mapped:            37976 kB', 'Shmem:            150204 kB', 'Slab:            1283328 kB', 'SReclaimable:     846512 kB', 'SUnreclaim:       436816 kB', 'KernelStack:       29296 kB', 'PageTables:         8712 kB', 'NFS_Unstable:          0 kB', 'Bounce:                0 kB', 'WritebackTmp:          0 kB', 'CommitLimit:    135986976 kB', 'Committed_AS:    2198404 kB', 'VmallocTotal:   34359738367 kB', 'VmallocUsed:      838312 kB', 'VmallocChunk:   34224687100 kB', 'HardwareCorrupted:     0 kB', 'AnonHugePages:   1222656 kB', 'CmaTotal:              0 kB', 'CmaFree:               0 kB', 'HugePages_Total:       0', 'HugePages_Free:        0', 'HugePages_Rsvd:        0', 'HugePages_Surp:        0', 'Hugepagesize:       2048 kB', 'DirectMap4k:      350744 kB', 'DirectMap2M:    11898880 kB', 'DirectMap1G:    257949696 kB']
mem_info: {'10.188.82.137': {'MemTotal': '263585352', 'MemFree': '241230996', 'MemAvailable': '258582296', 'Buffers': '6460', 'Cached': '17528532', 'SwapCached': '0', 'SwapTotal': '4194300', 'SwapFree': '4194300'}}
[INFO][2021-09-27 18:25:07,190][monitor_task.py:260]BuffersCachedRate:6.65%
Rate_Mem: 1.83
UP ***********
FAILED *******
DOWN *********
excute_ansible finished!
disklist: ['/dev/mapper/centos-root', '50G', '17G', '34G', '34%', '/']
[INFO][2021-09-27 18:25:09,042][server_manager_by_key.py:232]Use_Rate:34%
disklist: ['devtmpfs', '126G', '0', '126G', '0%', '/dev']
[INFO][2021-09-27 18:25:09,042][server_manager_by_key.py:232]Use_Rate:0%
disklist: ['tmpfs', '126G', '0', '126G', '0%', '/dev/shm']
[INFO][2021-09-27 18:25:09,042][server_manager_by_key.py:232]Use_Rate:0%
disklist: ['tmpfs', '126G', '147M', '126G', '1%', '/run']
[INFO][2021-09-27 18:25:09,042][server_manager_by_key.py:232]Use_Rate:1%
disklist: ['tmpfs', '126G', '0', '126G', '0%', '/sys/fs/cgroup']
[INFO][2021-09-27 18:25:09,042][server_manager_by_key.py:232]Use_Rate:0%
disklist: ['/dev/sda2', '1014M', '135M', '880M', '14%', '/boot']
[INFO][2021-09-27 18:25:09,043][server_manager_by_key.py:232]Use_Rate:14%
disklist: ['/dev/sda1', '200M', '9.8M', '191M', '5%', '/boot/efi']
[INFO][2021-09-27 18:25:09,043][server_manager_by_key.py:232]Use_Rate:5%
disklist: ['/dev/mapper/centos-home', '838G', '79G', '760G', '10%', '/home']
[INFO][2021-09-27 18:25:09,043][server_manager_by_key.py:232]Use_Rate:10%
disklist: ['tmpfs', '26G', '0', '26G', '0%', '/run/user/0']
[INFO][2021-09-27 18:25:09,043][server_manager_by_key.py:232]Use_Rate:0%
disklist: ['tmpfs', '26G', '0', '26G', '0%', '/run/user/1001']
[INFO][2021-09-27 18:25:09,043][server_manager_by_key.py:232]Use_Rate:0%
disk_res: {'10.188.82.136': [['/dev/mapper/centos-root', '50G', '17G', '34G', '34%', '/'], ['devtmpfs', '126G', '0', '126G', '0%', '/dev'], ['tmpfs', '126G', '0', '126G', '0%', '/dev/shm'], ['tmpfs', '126G', '147M', '126G', '1%', '/run'], ['tmpfs', '126G', '0', '126G', '0%', '/sys/fs/cgroup'], ['/dev/sda2', '1014M', '135M', '880M', '14%', '/boot'], ['/dev/sda1', '200M', '9.8M', '191M', '5%', '/boot/efi'], ['/dev/mapper/centos-home', '838G', '79G', '760G', '10%', '/home'], ['tmpfs', '26G', '0', '26G', '0%', '/run/user/0'], ['tmpfs', '26G', '0', '26G', '0%', '/run/user/1001']]}
UP ***********
FAILED *******
DOWN *********
excute_ansible finished!
stdout: ['MemTotal:       263583196 kB', 'MemFree:        158762572 kB', 'MemAvailable:   256120472 kB', 'Buffers:            3504 kB', 'Cached:         95086688 kB', 'SwapCached:            0 kB', 'Active:         74982024 kB', 'Inactive:       23886960 kB', 'Active(anon):    3849912 kB', 'Inactive(anon):    79188 kB', 'Active(file):   71132112 kB', 'Inactive(file): 23807772 kB', 'Unevictable:           0 kB', 'Mlocked:               0 kB', 'SwapTotal:       4194300 kB', 'SwapFree:        4194300 kB', 'Dirty:                40 kB', 'Writeback:             0 kB', 'AnonPages:       3778816 kB', 'Mapped:            55032 kB', 'Shmem:            150296 kB', 'Slab:            3732608 kB', 'SReclaimable:    3298008 kB', 'SUnreclaim:       434600 kB', 'KernelStack:       35216 kB', 'PageTables:        16916 kB', 'NFS_Unstable:          0 kB', 'Bounce:                0 kB', 'WritebackTmp:          0 kB', 'CommitLimit:    135985896 kB', 'Committed_AS:    5722752 kB', 'VmallocTotal:   34359738367 kB', 'VmallocUsed:      828016 kB', 'VmallocChunk:   34224687100 kB', 'HardwareCorrupted:     0 kB', 'AnonHugePages:   2908160 kB', 'CmaTotal:              0 kB', 'CmaFree:               0 kB', 'HugePages_Total:       0', 'HugePages_Free:        0', 'HugePages_Rsvd:        0', 'HugePages_Surp:        0', 'Hugepagesize:       2048 kB', 'DirectMap4k:      305580 kB', 'DirectMap2M:     7747584 kB', 'DirectMap1G:    262144000 kB']
mem_info: {'10.188.82.136': {'MemTotal': '263583196', 'MemFree': '158762572', 'MemAvailable': '256120472', 'Buffers': '3504', 'Cached': '95086688', 'SwapCached': '0', 'SwapTotal': '4194300', 'SwapFree': '4194300'}}
[INFO][2021-09-27 18:25:10,362][monitor_task.py:260]BuffersCachedRate:36.08%
Rate_Mem: 3.69
UP ***********
FAILED *******
DOWN *********
excute_ansible finished!
disklist: ['/dev/mapper/centos-root', '283G', '122G', '162G', '43%', '/']
[INFO][2021-09-27 18:25:12,325][server_manager_by_key.py:232]Use_Rate:43%
disklist: ['devtmpfs', '16G', '0', '16G', '0%', '/dev']
[INFO][2021-09-27 18:25:12,325][server_manager_by_key.py:232]Use_Rate:0%
disklist: ['tmpfs', '16G', '0', '16G', '0%', '/dev/shm']
[INFO][2021-09-27 18:25:12,325][server_manager_by_key.py:232]Use_Rate:0%
disklist: ['tmpfs', '16G', '914M', '15G', '6%', '/run']
[INFO][2021-09-27 18:25:12,325][server_manager_by_key.py:232]Use_Rate:6%
disklist: ['tmpfs', '16G', '0', '16G', '0%', '/sys/fs/cgroup']
[INFO][2021-09-27 18:25:12,326][server_manager_by_key.py:232]Use_Rate:0%
disklist: ['/dev/sda1', '1014M', '132M', '883M', '13%', '/boot']
[INFO][2021-09-27 18:25:12,326][server_manager_by_key.py:232]Use_Rate:13%
disklist: ['tmpfs', '3.2G', '0', '3.2G', '0%', '/run/user/0']
[INFO][2021-09-27 18:25:12,326][server_manager_by_key.py:232]Use_Rate:0%
disklist: ['tmpfs', '3.2G', '0', '3.2G', '0%', '/run/user/1001']
[INFO][2021-09-27 18:25:12,326][server_manager_by_key.py:232]Use_Rate:0%
disk_res: {'10.188.82.87': [['/dev/mapper/centos-root', '283G', '122G', '162G', '43%', '/'], ['devtmpfs', '16G', '0', '16G', '0%', '/dev'], ['tmpfs', '16G', '0', '16G', '0%', '/dev/shm'], ['tmpfs', '16G', '914M', '15G', '6%', '/run'], ['tmpfs', '16G', '0', '16G', '0%', '/sys/fs/cgroup'], ['/dev/sda1', '1014M', '132M', '883M', '13%', '/boot'], ['tmpfs', '3.2G', '0', '3.2G', '0%', '/run/user/0'], ['tmpfs', '3.2G', '0', '3.2G', '0%', '/run/user/1001']]}
UP ***********
FAILED *******
DOWN *********
excute_ansible finished!
stdout: ['MemTotal:       32946668 kB', 'MemFree:         2069040 kB', 'MemAvailable:   27083644 kB', 'Buffers:             120 kB', 'Cached:         24693588 kB', 'SwapCached:        13864 kB', 'Active:         23386940 kB', 'Inactive:        6319788 kB', 'Active(anon):    3968772 kB', 'Inactive(anon):  1094472 kB', 'Active(file):   19418168 kB', 'Inactive(file):  5225316 kB', 'Unevictable:           0 kB', 'Mlocked:               0 kB', 'SwapTotal:      16515068 kB', 'SwapFree:       15388360 kB', 'Dirty:               328 kB', 'Writeback:             0 kB', 'AnonPages:       5003516 kB', 'Mapped:            78384 kB', 'Shmem:             50220 kB', 'Slab:             831600 kB', 'SReclaimable:     773944 kB', 'SUnreclaim:        57656 kB', 'KernelStack:       17904 kB', 'PageTables:        24192 kB', 'NFS_Unstable:          0 kB', 'Bounce:                0 kB', 'WritebackTmp:          0 kB', 'CommitLimit:    32988400 kB', 'Committed_AS:   11332996 kB', 'VmallocTotal:   34359738367 kB', 'VmallocUsed:      207740 kB', 'VmallocChunk:   34359341052 kB', 'HardwareCorrupted:     0 kB', 'AnonHugePages:    196608 kB', 'CmaTotal:              0 kB', 'CmaFree:               0 kB', 'HugePages_Total:       0', 'HugePages_Free:        0', 'HugePages_Rsvd:        0', 'HugePages_Surp:        0', 'Hugepagesize:       2048 kB', 'DirectMap4k:      118656 kB', 'DirectMap2M:     5124096 kB', 'DirectMap1G:    30408704 kB']
mem_info: {'10.188.82.87': {'MemTotal': '32946668', 'MemFree': '2069040', 'MemAvailable': '27083644', 'Buffers': '120', 'Cached': '24693588', 'SwapCached': '13864', 'SwapTotal': '16515068', 'SwapFree': '15388360'}}
[INFO][2021-09-27 18:25:13,525][monitor_task.py:260]BuffersCachedRate:74.95%
Rate_Mem: 18.77
UP ***********
FAILED *******
DOWN *********
excute_ansible finished!
disklist: ['/dev/mapper/centos-root', '50G', '1.5G', '49G', '3%', '/']
[INFO][2021-09-27 18:25:14,588][server_manager_by_key.py:232]Use_Rate:3%
disklist: ['devtmpfs', '63G', '0', '63G', '0%', '/dev']
[INFO][2021-09-27 18:25:14,588][server_manager_by_key.py:232]Use_Rate:0%
disklist: ['tmpfs', '63G', '0', '63G', '0%', '/dev/shm']
[INFO][2021-09-27 18:25:14,588][server_manager_by_key.py:232]Use_Rate:0%
disklist: ['tmpfs', '63G', '131M', '63G', '1%', '/run']
[INFO][2021-09-27 18:25:14,588][server_manager_by_key.py:232]Use_Rate:1%
disklist: ['tmpfs', '63G', '0', '63G', '0%', '/sys/fs/cgroup']
[INFO][2021-09-27 18:25:14,588][server_manager_by_key.py:232]Use_Rate:0%
disklist: ['/dev/sda2', '1014M', '138M', '877M', '14%', '/boot']
[INFO][2021-09-27 18:25:14,588][server_manager_by_key.py:232]Use_Rate:14%
disklist: ['/dev/sda1', '200M', '12M', '189M', '6%', '/boot/efi']
[INFO][2021-09-27 18:25:14,588][server_manager_by_key.py:232]Use_Rate:6%
disklist: ['/dev/mapper/centos-home', '839G', '33M', '839G', '1%', '/home']
[INFO][2021-09-27 18:25:14,588][server_manager_by_key.py:232]Use_Rate:1%
disklist: ['tmpfs', '13G', '0', '13G', '0%', '/run/user/0']
[INFO][2021-09-27 18:25:14,589][server_manager_by_key.py:232]Use_Rate:0%
disk_res: {'192.168.10.214': [['/dev/mapper/centos-root', '50G', '1.5G', '49G', '3%', '/'], ['devtmpfs', '63G', '0', '63G', '0%', '/dev'], ['tmpfs', '63G', '0', '63G', '0%', '/dev/shm'], ['tmpfs', '63G', '131M', '63G', '1%', '/run'], ['tmpfs', '63G', '0', '63G', '0%', '/sys/fs/cgroup'], ['/dev/sda2', '1014M', '138M', '877M', '14%', '/boot'], ['/dev/sda1', '200M', '12M', '189M', '6%', '/boot/efi'], ['/dev/mapper/centos-home', '839G', '33M', '839G', '1%', '/home'], ['tmpfs', '13G', '0', '13G', '0%', '/run/user/0']]}
UP ***********
FAILED *******
DOWN *********
excute_ansible finished!
stdout: ['MemTotal:       131269772 kB', 'MemFree:        128002380 kB', 'MemAvailable:   128317340 kB', 'Buffers:            5488 kB', 'Cached:           894704 kB', 'SwapCached:            0 kB', 'Active:          1236604 kB', 'Inactive:         497600 kB', 'Active(anon):     881588 kB', 'Inactive(anon):    86212 kB', 'Active(file):     355016 kB', 'Inactive(file):   411388 kB', 'Unevictable:           0 kB', 'Mlocked:               0 kB', 'SwapTotal:       4194300 kB', 'SwapFree:        4194300 kB', 'Dirty:               144 kB', 'Writeback:             0 kB', 'AnonPages:        833652 kB', 'Mapped:            31620 kB', 'Shmem:            133748 kB', 'Slab:             288384 kB', 'SReclaimable:     123776 kB', 'SUnreclaim:       164608 kB', 'KernelStack:       12992 kB', 'PageTables:         5956 kB', 'NFS_Unstable:          0 kB', 'Bounce:                0 kB', 'WritebackTmp:          0 kB', 'CommitLimit:    69829184 kB', 'Committed_AS:    1199780 kB', 'VmallocTotal:   34359738367 kB', 'VmallocUsed:      621292 kB', 'VmallocChunk:   34291795964 kB', 'HardwareCorrupted:     0 kB', 'AnonHugePages:    782336 kB', 'CmaTotal:              0 kB', 'CmaFree:               0 kB', 'HugePages_Total:       0', 'HugePages_Free:        0', 'HugePages_Rsvd:        0', 'HugePages_Surp:        0', 'Hugepagesize:       2048 kB', 'DirectMap4k:      375776 kB', 'DirectMap2M:     7483392 kB', 'DirectMap1G:    127926272 kB']
mem_info: {'192.168.10.214': {'MemTotal': '131269772', 'MemFree': '128002380', 'MemAvailable': '128317340', 'Buffers': '5488', 'Cached': '894704', 'SwapCached': '0', 'SwapTotal': '4194300', 'SwapFree': '4194300'}}
[INFO][2021-09-27 18:25:15,354][monitor_task.py:260]BuffersCachedRate:0.69%
Rate_Mem: 1.8
return_datammmm: {'result': True, 'data': '所有监控服务器的磁盘使用率没有超过 85 %, 内存使用率没有超过 85 %.'}
res_call: {'result': True, 'data': '所有监控服务器的磁盘使用率没有超过 85 %, 内存使用率没有超过 85 %.'}
[INFO][2021-09-27 18:25:15,358][monitor_task.py:49]Ok,执行成功 monitor_job: [cust_normal_monitor] 执行监控项:[cust_normal_monitor]，返回结果：[所有监控服务器的磁盘使用率没有超过 85 %, 内存使用率没有超过 85 %.]
job_id,ntime: cust_normal_monitor
instance.is_active111: 1
instance.is_active2: 1
[INFO][2021-09-27 18:25:23,134][monitor_task.py:30]test_job was called
args11111: ('test_job',) 1 <class 'str'>
job_id11111: test_job
args2: ()
I am testjob1
res_call: {'result': True, 'data': "[{'disk_size:':100, 'memory':2400, 'msg':'ok'}]"}
[INFO][2021-09-27 18:25:23,137][monitor_task.py:49]Ok,执行成功 monitor_job: [test_job] 执行监控项:[test_job]，返回结果：[[{'disk_size:':100, 'memory':2400, 'msg':'ok'}]]
job_id,ntime: test_job
instance.is_active111: 1
instance.is_active2: 1
[INFO][2021-09-27 18:25:31,668][monitor_task.py:30]test_job2 was called
args11111: ('para1vale', 'para2_value', 'test_job2') 3 <class 'str'>
job_id11111: test_job2
args2: ('para1vale', 'para2_value')
我是apscheduler任务 para1vale para2_value
res_call: {'result': False, 'data': "[{'disk_size:':200, 'memory':2400, 'msg':'Error'}]"}
[ERROR][2021-09-27 18:25:31,673][monitor_task.py:52]Error,执行失败 monitor_job: [test_job2] 执行监控项:[test_job2]，返回结果：[[{'disk_size:':200, 'memory':2400, 'msg':'Error'}]]
job_id,ntime: test_job2
instance.is_active111: 1
instance.is_active2: 1
[INFO][2021-09-27 18:26:31,667][monitor_task.py:30]test_job2 was called
args11111: ('para1vale', 'para2_value', 'test_job2') 3 <class 'str'>
job_id11111: test_job2
args2: ('para1vale', 'para2_value')
我是apscheduler任务 para1vale para2_value
res_call: {'result': False, 'data': "[{'disk_size:':200, 'memory':2400, 'msg':'Error'}]"}
[ERROR][2021-09-27 18:26:31,669][monitor_task.py:52]Error,执行失败 monitor_job: [test_job2] 执行监控项:[test_job2]，返回结果：[[{'disk_size:':200, 'memory':2400, 'msg':'Error'}]]
job_id,ntime: test_job2
instance.is_active111: 1
instance.is_active2: 1
[INFO][2021-09-27 18:27:31,666][monitor_task.py:30]test_job2 was called
args11111: ('para1vale', 'para2_value', 'test_job2') 3 <class 'str'>
job_id11111: test_job2
args2: ('para1vale', 'para2_value')
我是apscheduler任务 para1vale para2_value
res_call: {'result': False, 'data': "[{'disk_size:':200, 'memory':2400, 'msg':'Error'}]"}
[ERROR][2021-09-27 18:27:31,668][monitor_task.py:52]Error,执行失败 monitor_job: [test_job2] 执行监控项:[test_job2]，返回结果：[[{'disk_size:':200, 'memory':2400, 'msg':'Error'}]]
job_id,ntime: test_job2
instance.is_active111: 1
instance.is_active2: 1
[INFO][2021-09-27 18:28:31,660][monitor_task.py:30]test_job2 was called
args11111: ('para1vale', 'para2_value', 'test_job2') 3 <class 'str'>
job_id11111: test_job2
args2: ('para1vale', 'para2_value')
我是apscheduler任务 para1vale para2_value
res_call: {'result': False, 'data': "[{'disk_size:':200, 'memory':2400, 'msg':'Error'}]"}
[ERROR][2021-09-27 18:28:31,662][monitor_task.py:52]Error,执行失败 monitor_job: [test_job2] 执行监控项:[test_job2]，返回结果：[[{'disk_size:':200, 'memory':2400, 'msg':'Error'}]]
job_id,ntime: test_job2
instance.is_active111: 1
instance.is_active2: 1
[INFO][2021-09-27 18:29:31,660][monitor_task.py:30]test_job2 was called
args11111: ('para1vale', 'para2_value', 'test_job2') 3 <class 'str'>
job_id11111: test_job2
args2: ('para1vale', 'para2_value')
我是apscheduler任务 para1vale para2_value
res_call: {'result': False, 'data': "[{'disk_size:':200, 'memory':2400, 'msg':'Error'}]"}
[ERROR][2021-09-27 18:29:31,663][monitor_task.py:52]Error,执行失败 monitor_job: [test_job2] 执行监控项:[test_job2]，返回结果：[[{'disk_size:':200, 'memory':2400, 'msg':'Error'}]]
job_id,ntime: test_job2
instance.is_active111: 1
instance.is_active2: 1
[INFO][2021-09-27 18:30:23,120][monitor_task.py:30]test_job was called
args11111: ('test_job',) 1 <class 'str'>
job_id11111: test_job
args2: ()
I am testjob1
res_call: {'result': True, 'data': "[{'disk_size:':100, 'memory':2400, 'msg':'ok'}]"}
[INFO][2021-09-27 18:30:23,122][monitor_task.py:49]Ok,执行成功 monitor_job: [test_job] 执行监控项:[test_job]，返回结果：[[{'disk_size:':100, 'memory':2400, 'msg':'ok'}]]
job_id,ntime: test_job
instance.is_active111: 1
instance.is_active2: 1
[INFO][2021-09-27 18:30:31,656][monitor_task.py:30]test_job2 was called
args11111: ('para1vale', 'para2_value', 'test_job2') 3 <class 'str'>
job_id11111: test_job2
args2: ('para1vale', 'para2_value')
我是apscheduler任务 para1vale para2_value
res_call: {'result': False, 'data': "[{'disk_size:':200, 'memory':2400, 'msg':'Error'}]"}
[ERROR][2021-09-27 18:30:31,658][monitor_task.py:52]Error,执行失败 monitor_job: [test_job2] 执行监控项:[test_job2]，返回结果：[[{'disk_size:':200, 'memory':2400, 'msg':'Error'}]]
job_id,ntime: test_job2
instance.is_active111: 1
instance.is_active2: 1
[INFO][2021-09-27 18:31:31,662][monitor_task.py:30]test_job2 was called
args11111: ('para1vale', 'para2_value', 'test_job2') 3 <class 'str'>
job_id11111: test_job2
args2: ('para1vale', 'para2_value')
我是apscheduler任务 para1vale para2_value
res_call: {'result': False, 'data': "[{'disk_size:':200, 'memory':2400, 'msg':'Error'}]"}
[ERROR][2021-09-27 18:31:31,664][monitor_task.py:52]Error,执行失败 monitor_job: [test_job2] 执行监控项:[test_job2]，返回结果：[[{'disk_size:':200, 'memory':2400, 'msg':'Error'}]]
job_id,ntime: test_job2
instance.is_active111: 1
instance.is_active2: 1
[INFO][2021-09-27 18:32:31,660][monitor_task.py:30]test_job2 was called
args11111: ('para1vale', 'para2_value', 'test_job2') 3 <class 'str'>
job_id11111: test_job2
args2: ('para1vale', 'para2_value')
我是apscheduler任务 para1vale para2_value
res_call: {'result': False, 'data': "[{'disk_size:':200, 'memory':2400, 'msg':'Error'}]"}
[ERROR][2021-09-27 18:32:31,663][monitor_task.py:52]Error,执行失败 monitor_job: [test_job2] 执行监控项:[test_job2]，返回结果：[[{'disk_size:':200, 'memory':2400, 'msg':'Error'}]]
job_id,ntime: test_job2
instance.is_active111: 1
instance.is_active2: 1
[INFO][2021-09-27 18:33:31,669][monitor_task.py:30]test_job2 was called
args11111: ('para1vale', 'para2_value', 'test_job2') 3 <class 'str'>
job_id11111: test_job2
args2: ('para1vale', 'para2_value')
我是apscheduler任务 para1vale para2_value
res_call: {'result': False, 'data': "[{'disk_size:':200, 'memory':2400, 'msg':'Error'}]"}
[ERROR][2021-09-27 18:33:31,671][monitor_task.py:52]Error,执行失败 monitor_job: [test_job2] 执行监控项:[test_job2]，返回结果：[[{'disk_size:':200, 'memory':2400, 'msg':'Error'}]]
job_id,ntime: test_job2
instance.is_active111: 1
instance.is_active2: 1
[INFO][2021-09-27 18:34:31,706][monitor_task.py:30]test_job2 was called
args11111: ('para1vale', 'para2_value', 'test_job2') 3 <class 'str'>
job_id11111: test_job2
args2: ('para1vale', 'para2_value')
我是apscheduler任务 para1vale para2_value
res_call: {'result': False, 'data': "[{'disk_size:':200, 'memory':2400, 'msg':'Error'}]"}
[ERROR][2021-09-27 18:34:31,711][monitor_task.py:52]Error,执行失败 monitor_job: [test_job2] 执行监控项:[test_job2]，返回结果：[[{'disk_size:':200, 'memory':2400, 'msg':'Error'}]]
job_id,ntime: test_job2
instance.is_active111: 1
instance.is_active2: 1
[INFO][2021-09-27 18:35:23,119][monitor_task.py:30]test_job was called
args11111: ('test_job',) 1 <class 'str'>
job_id11111: test_job
args2: ()
I am testjob1
res_call: {'result': True, 'data': "[{'disk_size:':100, 'memory':2400, 'msg':'ok'}]"}
[INFO][2021-09-27 18:35:23,123][monitor_task.py:49]Ok,执行成功 monitor_job: [test_job] 执行监控项:[test_job]，返回结果：[[{'disk_size:':100, 'memory':2400, 'msg':'ok'}]]
job_id,ntime: test_job
instance.is_active111: 1
instance.is_active2: 1
[INFO][2021-09-27 18:35:31,660][monitor_task.py:30]test_job2 was called
args11111: ('para1vale', 'para2_value', 'test_job2') 3 <class 'str'>
job_id11111: test_job2
args2: ('para1vale', 'para2_value')
我是apscheduler任务 para1vale para2_value
res_call: {'result': False, 'data': "[{'disk_size:':200, 'memory':2400, 'msg':'Error'}]"}
[ERROR][2021-09-27 18:35:31,662][monitor_task.py:52]Error,执行失败 monitor_job: [test_job2] 执行监控项:[test_job2]，返回结果：[[{'disk_size:':200, 'memory':2400, 'msg':'Error'}]]
job_id,ntime: test_job2
instance.is_active111: 1
instance.is_active2: 1
[INFO][2021-09-27 18:36:31,662][monitor_task.py:30]test_job2 was called
args11111: ('para1vale', 'para2_value', 'test_job2') 3 <class 'str'>
job_id11111: test_job2
args2: ('para1vale', 'para2_value')
我是apscheduler任务 para1vale para2_value
res_call: {'result': False, 'data': "[{'disk_size:':200, 'memory':2400, 'msg':'Error'}]"}
[ERROR][2021-09-27 18:36:31,666][monitor_task.py:52]Error,执行失败 monitor_job: [test_job2] 执行监控项:[test_job2]，返回结果：[[{'disk_size:':200, 'memory':2400, 'msg':'Error'}]]
job_id,ntime: test_job2
instance.is_active111: 1
instance.is_active2: 1
[INFO][2021-09-27 18:37:31,660][monitor_task.py:30]test_job2 was called
args11111: ('para1vale', 'para2_value', 'test_job2') 3 <class 'str'>
job_id11111: test_job2
args2: ('para1vale', 'para2_value')
我是apscheduler任务 para1vale para2_value
res_call: {'result': False, 'data': "[{'disk_size:':200, 'memory':2400, 'msg':'Error'}]"}
[ERROR][2021-09-27 18:37:31,662][monitor_task.py:52]Error,执行失败 monitor_job: [test_job2] 执行监控项:[test_job2]，返回结果：[[{'disk_size:':200, 'memory':2400, 'msg':'Error'}]]
job_id,ntime: test_job2
instance.is_active111: 1
instance.is_active2: 1
[INFO][2021-09-27 18:38:31,660][monitor_task.py:30]test_job2 was called
args11111: ('para1vale', 'para2_value', 'test_job2') 3 <class 'str'>
job_id11111: test_job2
args2: ('para1vale', 'para2_value')
我是apscheduler任务 para1vale para2_value
res_call: {'result': False, 'data': "[{'disk_size:':200, 'memory':2400, 'msg':'Error'}]"}
[ERROR][2021-09-27 18:38:31,663][monitor_task.py:52]Error,执行失败 monitor_job: [test_job2] 执行监控项:[test_job2]，返回结果：[[{'disk_size:':200, 'memory':2400, 'msg':'Error'}]]
job_id,ntime: test_job2
instance.is_active111: 1
instance.is_active2: 1
[INFO][2021-09-27 18:39:31,655][monitor_task.py:30]test_job2 was called
args11111: ('para1vale', 'para2_value', 'test_job2') 3 <class 'str'>
job_id11111: test_job2
args2: ('para1vale', 'para2_value')
我是apscheduler任务 para1vale para2_value
res_call: {'result': False, 'data': "[{'disk_size:':200, 'memory':2400, 'msg':'Error'}]"}
[ERROR][2021-09-27 18:39:31,657][monitor_task.py:52]Error,执行失败 monitor_job: [test_job2] 执行监控项:[test_job2]，返回结果：[[{'disk_size:':200, 'memory':2400, 'msg':'Error'}]]
job_id,ntime: test_job2
instance.is_active111: 1
instance.is_active2: 1
[INFO][2021-09-27 18:40:23,121][monitor_task.py:30]test_job was called
args11111: ('test_job',) 1 <class 'str'>
job_id11111: test_job
args2: ()
I am testjob1
res_call: {'result': True, 'data': "[{'disk_size:':100, 'memory':2400, 'msg':'ok'}]"}
[INFO][2021-09-27 18:40:23,123][monitor_task.py:49]Ok,执行成功 monitor_job: [test_job] 执行监控项:[test_job]，返回结果：[[{'disk_size:':100, 'memory':2400, 'msg':'ok'}]]
job_id,ntime: test_job
instance.is_active111: 1
instance.is_active2: 1
[INFO][2021-09-27 18:40:31,666][monitor_task.py:30]test_job2 was called
args11111: ('para1vale', 'para2_value', 'test_job2') 3 <class 'str'>
job_id11111: test_job2
args2: ('para1vale', 'para2_value')
我是apscheduler任务 para1vale para2_value
res_call: {'result': False, 'data': "[{'disk_size:':200, 'memory':2400, 'msg':'Error'}]"}
[ERROR][2021-09-27 18:40:31,668][monitor_task.py:52]Error,执行失败 monitor_job: [test_job2] 执行监控项:[test_job2]，返回结果：[[{'disk_size:':200, 'memory':2400, 'msg':'Error'}]]
job_id,ntime: test_job2
instance.is_active111: 1
instance.is_active2: 1
[INFO][2021-09-27 18:41:31,664][monitor_task.py:30]test_job2 was called
args11111: ('para1vale', 'para2_value', 'test_job2') 3 <class 'str'>
job_id11111: test_job2
args2: ('para1vale', 'para2_value')
我是apscheduler任务 para1vale para2_value
res_call: {'result': False, 'data': "[{'disk_size:':200, 'memory':2400, 'msg':'Error'}]"}
[ERROR][2021-09-27 18:41:31,666][monitor_task.py:52]Error,执行失败 monitor_job: [test_job2] 执行监控项:[test_job2]，返回结果：[[{'disk_size:':200, 'memory':2400, 'msg':'Error'}]]
job_id,ntime: test_job2
instance.is_active111: 1
instance.is_active2: 1
[INFO][2021-09-27 18:42:31,658][monitor_task.py:30]test_job2 was called
args11111: ('para1vale', 'para2_value', 'test_job2') 3 <class 'str'>
job_id11111: test_job2
args2: ('para1vale', 'para2_value')
我是apscheduler任务 para1vale para2_value
res_call: {'result': False, 'data': "[{'disk_size:':200, 'memory':2400, 'msg':'Error'}]"}
[ERROR][2021-09-27 18:42:31,664][monitor_task.py:52]Error,执行失败 monitor_job: [test_job2] 执行监控项:[test_job2]，返回结果：[[{'disk_size:':200, 'memory':2400, 'msg':'Error'}]]
job_id,ntime: test_job2
instance.is_active111: 1
instance.is_active2: 1
[INFO][2021-09-27 18:43:31,663][monitor_task.py:30]test_job2 was called
args11111: ('para1vale', 'para2_value', 'test_job2') 3 <class 'str'>
job_id11111: test_job2
args2: ('para1vale', 'para2_value')
我是apscheduler任务 para1vale para2_value
res_call: {'result': False, 'data': "[{'disk_size:':200, 'memory':2400, 'msg':'Error'}]"}
[ERROR][2021-09-27 18:43:31,665][monitor_task.py:52]Error,执行失败 monitor_job: [test_job2] 执行监控项:[test_job2]，返回结果：[[{'disk_size:':200, 'memory':2400, 'msg':'Error'}]]
job_id,ntime: test_job2
instance.is_active111: 1
instance.is_active2: 1
[INFO][2021-09-27 18:44:31,666][monitor_task.py:30]test_job2 was called
args11111: ('para1vale', 'para2_value', 'test_job2') 3 <class 'str'>
job_id11111: test_job2
args2: ('para1vale', 'para2_value')
我是apscheduler任务 para1vale para2_value
res_call: {'result': False, 'data': "[{'disk_size:':200, 'memory':2400, 'msg':'Error'}]"}
[ERROR][2021-09-27 18:44:31,668][monitor_task.py:52]Error,执行失败 monitor_job: [test_job2] 执行监控项:[test_job2]，返回结果：[[{'disk_size:':200, 'memory':2400, 'msg':'Error'}]]
job_id,ntime: test_job2
instance.is_active111: 1
instance.is_active2: 1
[INFO][2021-09-27 18:45:23,116][monitor_task.py:30]test_job was called
args11111: ('test_job',) 1 <class 'str'>
job_id11111: test_job
args2: ()
I am testjob1
res_call: {'result': True, 'data': "[{'disk_size:':100, 'memory':2400, 'msg':'ok'}]"}
[INFO][2021-09-27 18:45:23,118][monitor_task.py:49]Ok,执行成功 monitor_job: [test_job] 执行监控项:[test_job]，返回结果：[[{'disk_size:':100, 'memory':2400, 'msg':'ok'}]]
job_id,ntime: test_job
instance.is_active111: 1
instance.is_active2: 1
[INFO][2021-09-27 18:45:31,667][monitor_task.py:30]test_job2 was called
args11111: ('para1vale', 'para2_value', 'test_job2') 3 <class 'str'>
job_id11111: test_job2
args2: ('para1vale', 'para2_value')
我是apscheduler任务 para1vale para2_value
res_call: {'result': False, 'data': "[{'disk_size:':200, 'memory':2400, 'msg':'Error'}]"}
[ERROR][2021-09-27 18:45:31,669][monitor_task.py:52]Error,执行失败 monitor_job: [test_job2] 执行监控项:[test_job2]，返回结果：[[{'disk_size:':200, 'memory':2400, 'msg':'Error'}]]
job_id,ntime: test_job2
instance.is_active111: 1
instance.is_active2: 1
[INFO][2021-09-27 18:46:31,659][monitor_task.py:30]test_job2 was called
args11111: ('para1vale', 'para2_value', 'test_job2') 3 <class 'str'>
job_id11111: test_job2
args2: ('para1vale', 'para2_value')
我是apscheduler任务 para1vale para2_value
res_call: {'result': False, 'data': "[{'disk_size:':200, 'memory':2400, 'msg':'Error'}]"}
[ERROR][2021-09-27 18:46:31,662][monitor_task.py:52]Error,执行失败 monitor_job: [test_job2] 执行监控项:[test_job2]，返回结果：[[{'disk_size:':200, 'memory':2400, 'msg':'Error'}]]
job_id,ntime: test_job2
instance.is_active111: 1
instance.is_active2: 1
[INFO][2021-09-27 18:47:31,669][monitor_task.py:30]test_job2 was called
args11111: ('para1vale', 'para2_value', 'test_job2') 3 <class 'str'>
job_id11111: test_job2
args2: ('para1vale', 'para2_value')
我是apscheduler任务 para1vale para2_value
res_call: {'result': False, 'data': "[{'disk_size:':200, 'memory':2400, 'msg':'Error'}]"}
[ERROR][2021-09-27 18:47:31,671][monitor_task.py:52]Error,执行失败 monitor_job: [test_job2] 执行监控项:[test_job2]，返回结果：[[{'disk_size:':200, 'memory':2400, 'msg':'Error'}]]
job_id,ntime: test_job2
instance.is_active111: 1
instance.is_active2: 1
[INFO][2021-09-27 18:48:31,660][monitor_task.py:30]test_job2 was called
args11111: ('para1vale', 'para2_value', 'test_job2') 3 <class 'str'>
job_id11111: test_job2
args2: ('para1vale', 'para2_value')
我是apscheduler任务 para1vale para2_value
res_call: {'result': False, 'data': "[{'disk_size:':200, 'memory':2400, 'msg':'Error'}]"}
[ERROR][2021-09-27 18:48:31,662][monitor_task.py:52]Error,执行失败 monitor_job: [test_job2] 执行监控项:[test_job2]，返回结果：[[{'disk_size:':200, 'memory':2400, 'msg':'Error'}]]
job_id,ntime: test_job2
instance.is_active111: 1
instance.is_active2: 1
[INFO][2021-09-27 18:49:31,663][monitor_task.py:30]test_job2 was called
args11111: ('para1vale', 'para2_value', 'test_job2') 3 <class 'str'>
job_id11111: test_job2
args2: ('para1vale', 'para2_value')
我是apscheduler任务 para1vale para2_value
res_call: {'result': False, 'data': "[{'disk_size:':200, 'memory':2400, 'msg':'Error'}]"}
[ERROR][2021-09-27 18:49:31,666][monitor_task.py:52]Error,执行失败 monitor_job: [test_job2] 执行监控项:[test_job2]，返回结果：[[{'disk_size:':200, 'memory':2400, 'msg':'Error'}]]
job_id,ntime: test_job2
instance.is_active111: 1
instance.is_active2: 1
[INFO][2021-09-27 18:50:23,121][monitor_task.py:30]test_job was called
args11111: ('test_job',) 1 <class 'str'>
job_id11111: test_job
args2: ()
I am testjob1
res_call: {'result': True, 'data': "[{'disk_size:':100, 'memory':2400, 'msg':'ok'}]"}
[INFO][2021-09-27 18:50:23,126][monitor_task.py:49]Ok,执行成功 monitor_job: [test_job] 执行监控项:[test_job]，返回结果：[[{'disk_size:':100, 'memory':2400, 'msg':'ok'}]]
job_id,ntime: test_job
instance.is_active111: 1
instance.is_active2: 1
[INFO][2021-09-27 18:50:31,662][monitor_task.py:30]test_job2 was called
args11111: ('para1vale', 'para2_value', 'test_job2') 3 <class 'str'>
job_id11111: test_job2
args2: ('para1vale', 'para2_value')
我是apscheduler任务 para1vale para2_value
res_call: {'result': False, 'data': "[{'disk_size:':200, 'memory':2400, 'msg':'Error'}]"}
[ERROR][2021-09-27 18:50:31,667][monitor_task.py:52]Error,执行失败 monitor_job: [test_job2] 执行监控项:[test_job2]，返回结果：[[{'disk_size:':200, 'memory':2400, 'msg':'Error'}]]
job_id,ntime: test_job2
instance.is_active111: 1
instance.is_active2: 1
[INFO][2021-09-27 18:51:31,667][monitor_task.py:30]test_job2 was called
args11111: ('para1vale', 'para2_value', 'test_job2') 3 <class 'str'>
job_id11111: test_job2
args2: ('para1vale', 'para2_value')
我是apscheduler任务 para1vale para2_value
res_call: {'result': False, 'data': "[{'disk_size:':200, 'memory':2400, 'msg':'Error'}]"}
[ERROR][2021-09-27 18:51:31,669][monitor_task.py:52]Error,执行失败 monitor_job: [test_job2] 执行监控项:[test_job2]，返回结果：[[{'disk_size:':200, 'memory':2400, 'msg':'Error'}]]
job_id,ntime: test_job2
instance.is_active111: 1
instance.is_active2: 1
[INFO][2021-09-27 18:52:31,730][monitor_task.py:30]test_job2 was called
args11111: ('para1vale', 'para2_value', 'test_job2') 3 <class 'str'>
job_id11111: test_job2
args2: ('para1vale', 'para2_value')
我是apscheduler任务 para1vale para2_value
res_call: {'result': False, 'data': "[{'disk_size:':200, 'memory':2400, 'msg':'Error'}]"}
[ERROR][2021-09-27 18:52:31,732][monitor_task.py:52]Error,执行失败 monitor_job: [test_job2] 执行监控项:[test_job2]，返回结果：[[{'disk_size:':200, 'memory':2400, 'msg':'Error'}]]
job_id,ntime: test_job2
instance.is_active111: 1
instance.is_active2: 1
[INFO][2021-09-27 18:53:31,663][monitor_task.py:30]test_job2 was called
args11111: ('para1vale', 'para2_value', 'test_job2') 3 <class 'str'>
job_id11111: test_job2
args2: ('para1vale', 'para2_value')
我是apscheduler任务 para1vale para2_value
res_call: {'result': False, 'data': "[{'disk_size:':200, 'memory':2400, 'msg':'Error'}]"}
[ERROR][2021-09-27 18:53:31,668][monitor_task.py:52]Error,执行失败 monitor_job: [test_job2] 执行监控项:[test_job2]，返回结果：[[{'disk_size:':200, 'memory':2400, 'msg':'Error'}]]
job_id,ntime: test_job2
instance.is_active111: 1
instance.is_active2: 1
[INFO][2021-09-27 18:54:31,668][monitor_task.py:30]test_job2 was called
args11111: ('para1vale', 'para2_value', 'test_job2') 3 <class 'str'>
job_id11111: test_job2
args2: ('para1vale', 'para2_value')
我是apscheduler任务 para1vale para2_value
res_call: {'result': False, 'data': "[{'disk_size:':200, 'memory':2400, 'msg':'Error'}]"}
[ERROR][2021-09-27 18:54:31,669][monitor_task.py:52]Error,执行失败 monitor_job: [test_job2] 执行监控项:[test_job2]，返回结果：[[{'disk_size:':200, 'memory':2400, 'msg':'Error'}]]
job_id,ntime: test_job2
instance.is_active111: 1
instance.is_active2: 1
[INFO][2021-09-27 18:55:00,032][monitor_task.py:30]cust_normal_monitor was called
args11111: ('85', '85', 'cust_normal_monitor') 3 <class 'str'>
job_id11111: cust_normal_monitor
args2: ('85', '85')
UP ***********
FAILED *******
DOWN *********
excute_ansible finished!
disklist: ['devtmpfs', '63G', '0', '63G', '0%', '/dev']
[INFO][2021-09-27 18:55:01,621][server_manager_by_key.py:232]Use_Rate:0%
disklist: ['tmpfs', '63G', '0', '63G', '0%', '/dev/shm']
[INFO][2021-09-27 18:55:01,622][server_manager_by_key.py:232]Use_Rate:0%
disklist: ['tmpfs', '63G', '258M', '63G', '1%', '/run']
[INFO][2021-09-27 18:55:01,622][server_manager_by_key.py:232]Use_Rate:1%
disklist: ['tmpfs', '63G', '0', '63G', '0%', '/sys/fs/cgroup']
[INFO][2021-09-27 18:55:01,622][server_manager_by_key.py:232]Use_Rate:0%
disklist: ['/dev/mapper/centos-root', '50G', '1.8G', '49G', '4%', '/']
[INFO][2021-09-27 18:55:01,622][server_manager_by_key.py:232]Use_Rate:4%
disklist: ['/dev/md126p1', '1014M', '152M', '863M', '15%', '/boot']
[INFO][2021-09-27 18:55:01,622][server_manager_by_key.py:232]Use_Rate:15%
disklist: ['/dev/mapper/centos-home', '370G', '244G', '127G', '66%', '/home']
[INFO][2021-09-27 18:55:01,622][server_manager_by_key.py:232]Use_Rate:66%
disklist: ['tmpfs', '13G', '0', '13G', '0%', '/run/user/1000']
[INFO][2021-09-27 18:55:01,622][server_manager_by_key.py:232]Use_Rate:0%
disklist: ['tmpfs', '13G', '0', '13G', '0%', '/run/user/0']
[INFO][2021-09-27 18:55:01,622][server_manager_by_key.py:232]Use_Rate:0%
disk_res: {'10.168.9.81': [['devtmpfs', '63G', '0', '63G', '0%', '/dev'], ['tmpfs', '63G', '0', '63G', '0%', '/dev/shm'], ['tmpfs', '63G', '258M', '63G', '1%', '/run'], ['tmpfs', '63G', '0', '63G', '0%', '/sys/fs/cgroup'], ['/dev/mapper/centos-root', '50G', '1.8G', '49G', '4%', '/'], ['/dev/md126p1', '1014M', '152M', '863M', '15%', '/boot'], ['/dev/mapper/centos-home', '370G', '244G', '127G', '66%', '/home'], ['tmpfs', '13G', '0', '13G', '0%', '/run/user/1000'], ['tmpfs', '13G', '0', '13G', '0%', '/run/user/0']]}
UP ***********
FAILED *******
DOWN *********
excute_ansible finished!
stdout: ['MemTotal:       131623260 kB', 'MemFree:        37922928 kB', 'MemAvailable:   113435164 kB', 'Buffers:               0 kB', 'Cached:         87950420 kB', 'SwapCached:          672 kB', 'Active:         69635924 kB', 'Inactive:       20603540 kB', 'Active(anon):   14688952 kB', 'Inactive(anon):   945232 kB', 'Active(file):   54946972 kB', 'Inactive(file): 19658308 kB', 'Unevictable:       10952 kB', 'Mlocked:           10952 kB', 'SwapTotal:       4194300 kB', 'SwapFree:        4092412 kB', 'Dirty:               148 kB', 'Writeback:             0 kB', 'AnonPages:       2299492 kB', 'Mapped:         11440224 kB', 'Shmem:          13342804 kB', 'Slab:            1851044 kB', 'SReclaimable:    1700908 kB', 'SUnreclaim:       150136 kB', 'KernelStack:        5232 kB', 'PageTables:       603556 kB', 'NFS_Unstable:          0 kB', 'Bounce:                0 kB', 'WritebackTmp:          0 kB', 'CommitLimit:    70005928 kB', 'Committed_AS:   37792228 kB', 'VmallocTotal:   34359738367 kB', 'VmallocUsed:      511316 kB', 'VmallocChunk:   34358929404 kB', 'Percpu:            16000 kB', 'HardwareCorrupted:     0 kB', 'AnonHugePages:     12288 kB', 'CmaTotal:              0 kB', 'CmaFree:               0 kB', 'HugePages_Total:       0', 'HugePages_Free:        0', 'HugePages_Rsvd:        0', 'HugePages_Surp:        0', 'Hugepagesize:       2048 kB', 'DirectMap4k:      135616 kB', 'DirectMap2M:     5922816 kB', 'DirectMap1G:    130023424 kB']
mem_info: {'10.168.9.81': {'MemTotal': '131623260', 'MemFree': '37922928', 'MemAvailable': '113435164', 'Buffers': '0', 'Cached': '87950420', 'SwapCached': '672', 'SwapTotal': '4194300', 'SwapFree': '4092412'}}
[INFO][2021-09-27 18:55:02,705][monitor_task.py:260]BuffersCachedRate:66.82%
Rate_Mem: 4.37
UP ***********
FAILED *******
DOWN *********
excute_ansible finished!
disklist: ['devtmpfs', '63G', '0', '63G', '0%', '/dev']
[INFO][2021-09-27 18:55:03,526][server_manager_by_key.py:232]Use_Rate:0%
disklist: ['tmpfs', '63G', '0', '63G', '0%', '/dev/shm']
[INFO][2021-09-27 18:55:03,526][server_manager_by_key.py:232]Use_Rate:0%
disklist: ['tmpfs', '63G', '450M', '63G', '1%', '/run']
[INFO][2021-09-27 18:55:03,526][server_manager_by_key.py:232]Use_Rate:1%
disklist: ['tmpfs', '63G', '0', '63G', '0%', '/sys/fs/cgroup']
[INFO][2021-09-27 18:55:03,526][server_manager_by_key.py:232]Use_Rate:0%
disklist: ['/dev/mapper/centos-root', '50G', '1.9G', '49G', '4%', '/']
[INFO][2021-09-27 18:55:03,526][server_manager_by_key.py:232]Use_Rate:4%
disklist: ['/dev/md126p1', '1014M', '152M', '863M', '15%', '/boot']
[INFO][2021-09-27 18:55:03,526][server_manager_by_key.py:232]Use_Rate:15%
disklist: ['/dev/mapper/centos-home', '370G', '263G', '108G', '71%', '/home']
[INFO][2021-09-27 18:55:03,526][server_manager_by_key.py:232]Use_Rate:71%
disklist: ['tmpfs', '13G', '0', '13G', '0%', '/run/user/1000']
[INFO][2021-09-27 18:55:03,526][server_manager_by_key.py:232]Use_Rate:0%
disklist: ['tmpfs', '13G', '0', '13G', '0%', '/run/user/0']
[INFO][2021-09-27 18:55:03,526][server_manager_by_key.py:232]Use_Rate:0%
disk_res: {'192.168.10.94': [['devtmpfs', '63G', '0', '63G', '0%', '/dev'], ['tmpfs', '63G', '0', '63G', '0%', '/dev/shm'], ['tmpfs', '63G', '450M', '63G', '1%', '/run'], ['tmpfs', '63G', '0', '63G', '0%', '/sys/fs/cgroup'], ['/dev/mapper/centos-root', '50G', '1.9G', '49G', '4%', '/'], ['/dev/md126p1', '1014M', '152M', '863M', '15%', '/boot'], ['/dev/mapper/centos-home', '370G', '263G', '108G', '71%', '/home'], ['tmpfs', '13G', '0', '13G', '0%', '/run/user/1000'], ['tmpfs', '13G', '0', '13G', '0%', '/run/user/0']]}
UP ***********
FAILED *******
DOWN *********
excute_ansible finished!
stdout: ['MemTotal:       131623312 kB', 'MemFree:          739952 kB', 'MemAvailable:   123295172 kB', 'Buffers:               0 kB', 'Cached:         124103608 kB', 'SwapCached:         3572 kB', 'Active:         61265688 kB', 'Inactive:       64646184 kB', 'Active(anon):    5106552 kB', 'Inactive(anon):  1151148 kB', 'Active(file):   56159136 kB', 'Inactive(file): 63495036 kB', 'Unevictable:       10952 kB', 'Mlocked:           10952 kB', 'SwapTotal:       4194300 kB', 'SwapFree:        3374500 kB', 'Dirty:               148 kB', 'Writeback:             0 kB', 'AnonPages:       1817868 kB', 'Mapped:          1544508 kB', 'Shmem:           4447100 kB', 'Slab:            3903644 kB', 'SReclaimable:    3694988 kB', 'SUnreclaim:       208656 kB', 'KernelStack:        5280 kB', 'PageTables:        48028 kB', 'NFS_Unstable:          0 kB', 'Bounce:                0 kB', 'WritebackTmp:          0 kB', 'CommitLimit:    70005956 kB', 'Committed_AS:    6932732 kB', 'VmallocTotal:   34359738367 kB', 'VmallocUsed:      512532 kB', 'VmallocChunk:   34358929404 kB', 'Percpu:            16000 kB', 'HardwareCorrupted:     0 kB', 'AnonHugePages:    546816 kB', 'CmaTotal:              0 kB', 'CmaFree:               0 kB', 'HugePages_Total:       0', 'HugePages_Free:        0', 'HugePages_Rsvd:        0', 'HugePages_Surp:        0', 'Hugepagesize:       2048 kB', 'DirectMap4k:      168436 kB', 'DirectMap2M:    13230080 kB', 'DirectMap1G:    122683392 kB']
mem_info: {'192.168.10.94': {'MemTotal': '131623312', 'MemFree': '739952', 'MemAvailable': '123295172', 'Buffers': '0', 'Cached': '124103608', 'SwapCached': '3572', 'SwapTotal': '4194300', 'SwapFree': '3374500'}}
[INFO][2021-09-27 18:55:04,128][monitor_task.py:260]BuffersCachedRate:94.29%
Rate_Mem: 5.15
UP ***********
FAILED *******
DOWN *********
excute_ansible finished!
disklist: ['/dev/mapper/centos-root', '50G', '16G', '35G', '31%', '/']
[INFO][2021-09-27 18:55:05,994][server_manager_by_key.py:232]Use_Rate:31%
disklist: ['devtmpfs', '126G', '0', '126G', '0%', '/dev']
[INFO][2021-09-27 18:55:05,994][server_manager_by_key.py:232]Use_Rate:0%
disklist: ['tmpfs', '126G', '0', '126G', '0%', '/dev/shm']
[INFO][2021-09-27 18:55:05,994][server_manager_by_key.py:232]Use_Rate:0%
disklist: ['tmpfs', '126G', '147M', '126G', '1%', '/run']
[INFO][2021-09-27 18:55:05,994][server_manager_by_key.py:232]Use_Rate:1%
disklist: ['tmpfs', '126G', '0', '126G', '0%', '/sys/fs/cgroup']
[INFO][2021-09-27 18:55:05,994][server_manager_by_key.py:232]Use_Rate:0%
disklist: ['/dev/sda2', '1014M', '134M', '881M', '14%', '/boot']
[INFO][2021-09-27 18:55:05,994][server_manager_by_key.py:232]Use_Rate:14%
disklist: ['/dev/sda1', '200M', '9.8M', '191M', '5%', '/boot/efi']
[INFO][2021-09-27 18:55:05,994][server_manager_by_key.py:232]Use_Rate:5%
disklist: ['/dev/mapper/centos-home', '838G', '1.8G', '836G', '1%', '/home']
[INFO][2021-09-27 18:55:05,994][server_manager_by_key.py:232]Use_Rate:1%
disklist: ['tmpfs', '26G', '0', '26G', '0%', '/run/user/0']
[INFO][2021-09-27 18:55:05,994][server_manager_by_key.py:232]Use_Rate:0%
disk_res: {'10.188.82.137': [['/dev/mapper/centos-root', '50G', '16G', '35G', '31%', '/'], ['devtmpfs', '126G', '0', '126G', '0%', '/dev'], ['tmpfs', '126G', '0', '126G', '0%', '/dev/shm'], ['tmpfs', '126G', '147M', '126G', '1%', '/run'], ['tmpfs', '126G', '0', '126G', '0%', '/sys/fs/cgroup'], ['/dev/sda2', '1014M', '134M', '881M', '14%', '/boot'], ['/dev/sda1', '200M', '9.8M', '191M', '5%', '/boot/efi'], ['/dev/mapper/centos-home', '838G', '1.8G', '836G', '1%', '/home'], ['tmpfs', '26G', '0', '26G', '0%', '/run/user/0']]}
UP ***********
FAILED *******
DOWN *********
excute_ansible finished!
stdout: ['MemTotal:       263585352 kB', 'MemFree:        241228716 kB', 'MemAvailable:   258580060 kB', 'Buffers:            6460 kB', 'Cached:         17528584 kB', 'SwapCached:            0 kB', 'Active:          7647692 kB', 'Inactive:       11217664 kB', 'Active(anon):    1401572 kB', 'Inactive(anon):    78972 kB', 'Active(file):    6246120 kB', 'Inactive(file): 11138692 kB', 'Unevictable:           0 kB', 'Mlocked:               0 kB', 'SwapTotal:       4194300 kB', 'SwapFree:        4194300 kB', 'Dirty:                28 kB', 'Writeback:             0 kB', 'AnonPages:       1330132 kB', 'Mapped:            38056 kB', 'Shmem:            150204 kB', 'Slab:            1282904 kB', 'SReclaimable:     846512 kB', 'SUnreclaim:       436392 kB', 'KernelStack:       29280 kB', 'PageTables:         8824 kB', 'NFS_Unstable:          0 kB', 'Bounce:                0 kB', 'WritebackTmp:          0 kB', 'CommitLimit:    135986976 kB', 'Committed_AS:    2200856 kB', 'VmallocTotal:   34359738367 kB', 'VmallocUsed:      838312 kB', 'VmallocChunk:   34224687100 kB', 'HardwareCorrupted:     0 kB', 'AnonHugePages:   1222656 kB', 'CmaTotal:              0 kB', 'CmaFree:               0 kB', 'HugePages_Total:       0', 'HugePages_Free:        0', 'HugePages_Rsvd:        0', 'HugePages_Surp:        0', 'Hugepagesize:       2048 kB', 'DirectMap4k:      350744 kB', 'DirectMap2M:    11898880 kB', 'DirectMap1G:    257949696 kB']
mem_info: {'10.188.82.137': {'MemTotal': '263585352', 'MemFree': '241228716', 'MemAvailable': '258580060', 'Buffers': '6460', 'Cached': '17528584', 'SwapCached': '0', 'SwapTotal': '4194300', 'SwapFree': '4194300'}}
[INFO][2021-09-27 18:55:07,324][monitor_task.py:260]BuffersCachedRate:6.65%
Rate_Mem: 1.83
UP ***********
FAILED *******
DOWN *********
excute_ansible finished!
disklist: ['/dev/mapper/centos-root', '50G', '17G', '34G', '34%', '/']
[INFO][2021-09-27 18:55:09,180][server_manager_by_key.py:232]Use_Rate:34%
disklist: ['devtmpfs', '126G', '0', '126G', '0%', '/dev']
[INFO][2021-09-27 18:55:09,180][server_manager_by_key.py:232]Use_Rate:0%
disklist: ['tmpfs', '126G', '0', '126G', '0%', '/dev/shm']
[INFO][2021-09-27 18:55:09,180][server_manager_by_key.py:232]Use_Rate:0%
disklist: ['tmpfs', '126G', '147M', '126G', '1%', '/run']
[INFO][2021-09-27 18:55:09,180][server_manager_by_key.py:232]Use_Rate:1%
disklist: ['tmpfs', '126G', '0', '126G', '0%', '/sys/fs/cgroup']
[INFO][2021-09-27 18:55:09,180][server_manager_by_key.py:232]Use_Rate:0%
disklist: ['/dev/sda2', '1014M', '135M', '880M', '14%', '/boot']
[INFO][2021-09-27 18:55:09,180][server_manager_by_key.py:232]Use_Rate:14%
disklist: ['/dev/sda1', '200M', '9.8M', '191M', '5%', '/boot/efi']
[INFO][2021-09-27 18:55:09,180][server_manager_by_key.py:232]Use_Rate:5%
disklist: ['/dev/mapper/centos-home', '838G', '79G', '760G', '10%', '/home']
[INFO][2021-09-27 18:55:09,181][server_manager_by_key.py:232]Use_Rate:10%
disklist: ['tmpfs', '26G', '0', '26G', '0%', '/run/user/0']
[INFO][2021-09-27 18:55:09,181][server_manager_by_key.py:232]Use_Rate:0%
disklist: ['tmpfs', '26G', '0', '26G', '0%', '/run/user/1001']
[INFO][2021-09-27 18:55:09,181][server_manager_by_key.py:232]Use_Rate:0%
disk_res: {'10.188.82.136': [['/dev/mapper/centos-root', '50G', '17G', '34G', '34%', '/'], ['devtmpfs', '126G', '0', '126G', '0%', '/dev'], ['tmpfs', '126G', '0', '126G', '0%', '/dev/shm'], ['tmpfs', '126G', '147M', '126G', '1%', '/run'], ['tmpfs', '126G', '0', '126G', '0%', '/sys/fs/cgroup'], ['/dev/sda2', '1014M', '135M', '880M', '14%', '/boot'], ['/dev/sda1', '200M', '9.8M', '191M', '5%', '/boot/efi'], ['/dev/mapper/centos-home', '838G', '79G', '760G', '10%', '/home'], ['tmpfs', '26G', '0', '26G', '0%', '/run/user/0'], ['tmpfs', '26G', '0', '26G', '0%', '/run/user/1001']]}
UP ***********
FAILED *******
DOWN *********
excute_ansible finished!
stdout: ['MemTotal:       263583196 kB', 'MemFree:        158762648 kB', 'MemAvailable:   256120644 kB', 'Buffers:            3504 kB', 'Cached:         95086800 kB', 'SwapCached:            0 kB', 'Active:         74982068 kB', 'Inactive:       23887008 kB', 'Active(anon):    3849908 kB', 'Inactive(anon):    79188 kB', 'Active(file):   71132160 kB', 'Inactive(file): 23807820 kB', 'Unevictable:           0 kB', 'Mlocked:               0 kB', 'SwapTotal:       4194300 kB', 'SwapFree:        4194300 kB', 'Dirty:               108 kB', 'Writeback:             0 kB', 'AnonPages:       3778952 kB', 'Mapped:            55260 kB', 'Shmem:            150296 kB', 'Slab:            3732812 kB', 'SReclaimable:    3298008 kB', 'SUnreclaim:       434804 kB', 'KernelStack:       35184 kB', 'PageTables:        16848 kB', 'NFS_Unstable:          0 kB', 'Bounce:                0 kB', 'WritebackTmp:          0 kB', 'CommitLimit:    135985896 kB', 'Committed_AS:    5723276 kB', 'VmallocTotal:   34359738367 kB', 'VmallocUsed:      828016 kB', 'VmallocChunk:   34224687100 kB', 'HardwareCorrupted:     0 kB', 'AnonHugePages:   2908160 kB', 'CmaTotal:              0 kB', 'CmaFree:               0 kB', 'HugePages_Total:       0', 'HugePages_Free:        0', 'HugePages_Rsvd:        0', 'HugePages_Surp:        0', 'Hugepagesize:       2048 kB', 'DirectMap4k:      305580 kB', 'DirectMap2M:     7747584 kB', 'DirectMap1G:    262144000 kB']
mem_info: {'10.188.82.136': {'MemTotal': '263583196', 'MemFree': '158762648', 'MemAvailable': '256120644', 'Buffers': '3504', 'Cached': '95086800', 'SwapCached': '0', 'SwapTotal': '4194300', 'SwapFree': '4194300'}}
[INFO][2021-09-27 18:55:10,516][monitor_task.py:260]BuffersCachedRate:36.08%
Rate_Mem: 3.69
UP ***********
FAILED *******
DOWN *********
excute_ansible finished!
disklist: ['/dev/mapper/centos-root', '283G', '122G', '162G', '43%', '/']
[INFO][2021-09-27 18:55:12,075][server_manager_by_key.py:232]Use_Rate:43%
disklist: ['devtmpfs', '16G', '0', '16G', '0%', '/dev']
[INFO][2021-09-27 18:55:12,075][server_manager_by_key.py:232]Use_Rate:0%
disklist: ['tmpfs', '16G', '0', '16G', '0%', '/dev/shm']
[INFO][2021-09-27 18:55:12,075][server_manager_by_key.py:232]Use_Rate:0%
disklist: ['tmpfs', '16G', '914M', '15G', '6%', '/run']
[INFO][2021-09-27 18:55:12,075][server_manager_by_key.py:232]Use_Rate:6%
disklist: ['tmpfs', '16G', '0', '16G', '0%', '/sys/fs/cgroup']
[INFO][2021-09-27 18:55:12,075][server_manager_by_key.py:232]Use_Rate:0%
disklist: ['/dev/sda1', '1014M', '132M', '883M', '13%', '/boot']
[INFO][2021-09-27 18:55:12,075][server_manager_by_key.py:232]Use_Rate:13%
disklist: ['tmpfs', '3.2G', '0', '3.2G', '0%', '/run/user/0']
[INFO][2021-09-27 18:55:12,075][server_manager_by_key.py:232]Use_Rate:0%
disklist: ['tmpfs', '3.2G', '0', '3.2G', '0%', '/run/user/1001']
[INFO][2021-09-27 18:55:12,075][server_manager_by_key.py:232]Use_Rate:0%
disk_res: {'10.188.82.87': [['/dev/mapper/centos-root', '283G', '122G', '162G', '43%', '/'], ['devtmpfs', '16G', '0', '16G', '0%', '/dev'], ['tmpfs', '16G', '0', '16G', '0%', '/dev/shm'], ['tmpfs', '16G', '914M', '15G', '6%', '/run'], ['tmpfs', '16G', '0', '16G', '0%', '/sys/fs/cgroup'], ['/dev/sda1', '1014M', '132M', '883M', '13%', '/boot'], ['tmpfs', '3.2G', '0', '3.2G', '0%', '/run/user/0'], ['tmpfs', '3.2G', '0', '3.2G', '0%', '/run/user/1001']]}
UP ***********
FAILED *******
DOWN *********
excute_ansible finished!
stdout: ['MemTotal:       32946668 kB', 'MemFree:         2028972 kB', 'MemAvailable:   27071584 kB', 'Buffers:             120 kB', 'Cached:         24721664 kB', 'SwapCached:        13860 kB', 'Active:         23428588 kB', 'Inactive:        6317632 kB', 'Active(anon):    3980184 kB', 'Inactive(anon):  1094472 kB', 'Active(file):   19448404 kB', 'Inactive(file):  5223160 kB', 'Unevictable:           0 kB', 'Mlocked:               0 kB', 'SwapTotal:      16515068 kB', 'SwapFree:       15388360 kB', 'Dirty:              6868 kB', 'Writeback:             0 kB', 'AnonPages:       5014932 kB', 'Mapped:            78104 kB', 'Shmem:             50220 kB', 'Slab:             831528 kB', 'SReclaimable:     773872 kB', 'SUnreclaim:        57656 kB', 'KernelStack:       17936 kB', 'PageTables:        23440 kB', 'NFS_Unstable:          0 kB', 'Bounce:                0 kB', 'WritebackTmp:          0 kB', 'CommitLimit:    32988400 kB', 'Committed_AS:   11343832 kB', 'VmallocTotal:   34359738367 kB', 'VmallocUsed:      207740 kB', 'VmallocChunk:   34359341052 kB', 'HardwareCorrupted:     0 kB', 'AnonHugePages:    196608 kB', 'CmaTotal:              0 kB', 'CmaFree:               0 kB', 'HugePages_Total:       0', 'HugePages_Free:        0', 'HugePages_Rsvd:        0', 'HugePages_Surp:        0', 'Hugepagesize:       2048 kB', 'DirectMap4k:      118656 kB', 'DirectMap2M:     5124096 kB', 'DirectMap1G:    30408704 kB']
mem_info: {'10.188.82.87': {'MemTotal': '32946668', 'MemFree': '2028972', 'MemAvailable': '27071584', 'Buffers': '120', 'Cached': '24721664', 'SwapCached': '13860', 'SwapTotal': '16515068', 'SwapFree': '15388360'}}
[INFO][2021-09-27 18:55:13,260][monitor_task.py:260]BuffersCachedRate:75.04%
Rate_Mem: 18.81
UP ***********
FAILED *******
DOWN *********
excute_ansible finished!
disklist: ['/dev/mapper/centos-root', '50G', '1.5G', '49G', '3%', '/']
[INFO][2021-09-27 18:55:14,298][server_manager_by_key.py:232]Use_Rate:3%
disklist: ['devtmpfs', '63G', '0', '63G', '0%', '/dev']
[INFO][2021-09-27 18:55:14,299][server_manager_by_key.py:232]Use_Rate:0%
disklist: ['tmpfs', '63G', '0', '63G', '0%', '/dev/shm']
[INFO][2021-09-27 18:55:14,299][server_manager_by_key.py:232]Use_Rate:0%
disklist: ['tmpfs', '63G', '131M', '63G', '1%', '/run']
[INFO][2021-09-27 18:55:14,299][server_manager_by_key.py:232]Use_Rate:1%
disklist: ['tmpfs', '63G', '0', '63G', '0%', '/sys/fs/cgroup']
[INFO][2021-09-27 18:55:14,299][server_manager_by_key.py:232]Use_Rate:0%
disklist: ['/dev/sda2', '1014M', '138M', '877M', '14%', '/boot']
[INFO][2021-09-27 18:55:14,299][server_manager_by_key.py:232]Use_Rate:14%
disklist: ['/dev/sda1', '200M', '12M', '189M', '6%', '/boot/efi']
[INFO][2021-09-27 18:55:14,299][server_manager_by_key.py:232]Use_Rate:6%
disklist: ['/dev/mapper/centos-home', '839G', '33M', '839G', '1%', '/home']
[INFO][2021-09-27 18:55:14,299][server_manager_by_key.py:232]Use_Rate:1%
disklist: ['tmpfs', '13G', '0', '13G', '0%', '/run/user/0']
[INFO][2021-09-27 18:55:14,299][server_manager_by_key.py:232]Use_Rate:0%
disk_res: {'192.168.10.214': [['/dev/mapper/centos-root', '50G', '1.5G', '49G', '3%', '/'], ['devtmpfs', '63G', '0', '63G', '0%', '/dev'], ['tmpfs', '63G', '0', '63G', '0%', '/dev/shm'], ['tmpfs', '63G', '131M', '63G', '1%', '/run'], ['tmpfs', '63G', '0', '63G', '0%', '/sys/fs/cgroup'], ['/dev/sda2', '1014M', '138M', '877M', '14%', '/boot'], ['/dev/sda1', '200M', '12M', '189M', '6%', '/boot/efi'], ['/dev/mapper/centos-home', '839G', '33M', '839G', '1%', '/home'], ['tmpfs', '13G', '0', '13G', '0%', '/run/user/0']]}
UP ***********
FAILED *******
DOWN *********
excute_ansible finished!
stdout: ['MemTotal:       131269772 kB', 'MemFree:        127999784 kB', 'MemAvailable:   128314716 kB', 'Buffers:            5488 kB', 'Cached:           894652 kB', 'SwapCached:            0 kB', 'Active:          1236896 kB', 'Inactive:         497512 kB', 'Active(anon):     881820 kB', 'Inactive(anon):    86212 kB', 'Active(file):     355076 kB', 'Inactive(file):   411300 kB', 'Unevictable:           0 kB', 'Mlocked:               0 kB', 'SwapTotal:       4194300 kB', 'SwapFree:        4194300 kB', 'Dirty:                48 kB', 'Writeback:             0 kB', 'AnonPages:        834488 kB', 'Mapped:            31676 kB', 'Shmem:            133748 kB', 'Slab:             288568 kB', 'SReclaimable:     123776 kB', 'SUnreclaim:       164792 kB', 'KernelStack:       12976 kB', 'PageTables:         6776 kB', 'NFS_Unstable:          0 kB', 'Bounce:                0 kB', 'WritebackTmp:          0 kB', 'CommitLimit:    69829184 kB', 'Committed_AS:    1199716 kB', 'VmallocTotal:   34359738367 kB', 'VmallocUsed:      621292 kB', 'VmallocChunk:   34291795964 kB', 'HardwareCorrupted:     0 kB', 'AnonHugePages:    782336 kB', 'CmaTotal:              0 kB', 'CmaFree:               0 kB', 'HugePages_Total:       0', 'HugePages_Free:        0', 'HugePages_Rsvd:        0', 'HugePages_Surp:        0', 'Hugepagesize:       2048 kB', 'DirectMap4k:      375776 kB', 'DirectMap2M:     7483392 kB', 'DirectMap1G:    127926272 kB']
mem_info: {'192.168.10.214': {'MemTotal': '131269772', 'MemFree': '127999784', 'MemAvailable': '128314716', 'Buffers': '5488', 'Cached': '894652', 'SwapCached': '0', 'SwapTotal': '4194300', 'SwapFree': '4194300'}}
[INFO][2021-09-27 18:55:15,085][monitor_task.py:260]BuffersCachedRate:0.69%
Rate_Mem: 1.81
return_datammmm: {'result': True, 'data': '所有监控服务器的磁盘使用率没有超过 85 %, 内存使用率没有超过 85 %.'}
res_call: {'result': True, 'data': '所有监控服务器的磁盘使用率没有超过 85 %, 内存使用率没有超过 85 %.'}
[INFO][2021-09-27 18:55:15,088][monitor_task.py:49]Ok,执行成功 monitor_job: [cust_normal_monitor] 执行监控项:[cust_normal_monitor]，返回结果：[所有监控服务器的磁盘使用率没有超过 85 %, 内存使用率没有超过 85 %.]
job_id,ntime: cust_normal_monitor
instance.is_active111: 1
instance.is_active2: 1
[INFO][2021-09-27 18:55:23,133][monitor_task.py:30]test_job was called
args11111: ('test_job',) 1 <class 'str'>
job_id11111: test_job
args2: ()
I am testjob1
res_call: {'result': True, 'data': "[{'disk_size:':100, 'memory':2400, 'msg':'ok'}]"}
[INFO][2021-09-27 18:55:23,135][monitor_task.py:49]Ok,执行成功 monitor_job: [test_job] 执行监控项:[test_job]，返回结果：[[{'disk_size:':100, 'memory':2400, 'msg':'ok'}]]
job_id,ntime: test_job
instance.is_active111: 1
instance.is_active2: 1
[INFO][2021-09-27 18:55:31,662][monitor_task.py:30]test_job2 was called
args11111: ('para1vale', 'para2_value', 'test_job2') 3 <class 'str'>
job_id11111: test_job2
args2: ('para1vale', 'para2_value')
我是apscheduler任务 para1vale para2_value
res_call: {'result': False, 'data': "[{'disk_size:':200, 'memory':2400, 'msg':'Error'}]"}
[ERROR][2021-09-27 18:55:31,664][monitor_task.py:52]Error,执行失败 monitor_job: [test_job2] 执行监控项:[test_job2]，返回结果：[[{'disk_size:':200, 'memory':2400, 'msg':'Error'}]]
job_id,ntime: test_job2
instance.is_active111: 1
instance.is_active2: 1
[INFO][2021-09-27 18:56:31,660][monitor_task.py:30]test_job2 was called
args11111: ('para1vale', 'para2_value', 'test_job2') 3 <class 'str'>
job_id11111: test_job2
args2: ('para1vale', 'para2_value')
我是apscheduler任务 para1vale para2_value
res_call: {'result': False, 'data': "[{'disk_size:':200, 'memory':2400, 'msg':'Error'}]"}
[ERROR][2021-09-27 18:56:31,663][monitor_task.py:52]Error,执行失败 monitor_job: [test_job2] 执行监控项:[test_job2]，返回结果：[[{'disk_size:':200, 'memory':2400, 'msg':'Error'}]]
job_id,ntime: test_job2
instance.is_active111: 1
instance.is_active2: 1
[INFO][2021-09-27 18:57:31,667][monitor_task.py:30]test_job2 was called
args11111: ('para1vale', 'para2_value', 'test_job2') 3 <class 'str'>
job_id11111: test_job2
args2: ('para1vale', 'para2_value')
我是apscheduler任务 para1vale para2_value
res_call: {'result': False, 'data': "[{'disk_size:':200, 'memory':2400, 'msg':'Error'}]"}
[ERROR][2021-09-27 18:57:31,667][monitor_task.py:52]Error,执行失败 monitor_job: [test_job2] 执行监控项:[test_job2]，返回结果：[[{'disk_size:':200, 'memory':2400, 'msg':'Error'}]]
job_id,ntime: test_job2
instance.is_active111: 1
instance.is_active2: 1
[INFO][2021-09-27 18:58:31,663][monitor_task.py:30]test_job2 was called
args11111: ('para1vale', 'para2_value', 'test_job2') 3 <class 'str'>
job_id11111: test_job2
args2: ('para1vale', 'para2_value')
我是apscheduler任务 para1vale para2_value
res_call: {'result': False, 'data': "[{'disk_size:':200, 'memory':2400, 'msg':'Error'}]"}
[ERROR][2021-09-27 18:58:31,666][monitor_task.py:52]Error,执行失败 monitor_job: [test_job2] 执行监控项:[test_job2]，返回结果：[[{'disk_size:':200, 'memory':2400, 'msg':'Error'}]]
job_id,ntime: test_job2
instance.is_active111: 1
instance.is_active2: 1
[INFO][2021-09-27 18:59:31,667][monitor_task.py:30]test_job2 was called
args11111: ('para1vale', 'para2_value', 'test_job2') 3 <class 'str'>
job_id11111: test_job2
args2: ('para1vale', 'para2_value')
我是apscheduler任务 para1vale para2_value
res_call: {'result': False, 'data': "[{'disk_size:':200, 'memory':2400, 'msg':'Error'}]"}
[ERROR][2021-09-27 18:59:31,669][monitor_task.py:52]Error,执行失败 monitor_job: [test_job2] 执行监控项:[test_job2]，返回结果：[[{'disk_size:':200, 'memory':2400, 'msg':'Error'}]]
job_id,ntime: test_job2
instance.is_active111: 1
instance.is_active2: 1
[INFO][2021-09-27 19:00:23,172][monitor_task.py:30]test_job was called
args11111: ('test_job',) 1 <class 'str'>
job_id11111: test_job
args2: ()
I am testjob1
res_call: {'result': True, 'data': "[{'disk_size:':100, 'memory':2400, 'msg':'ok'}]"}
[INFO][2021-09-27 19:00:23,174][monitor_task.py:49]Ok,执行成功 monitor_job: [test_job] 执行监控项:[test_job]，返回结果：[[{'disk_size:':100, 'memory':2400, 'msg':'ok'}]]
job_id,ntime: test_job
instance.is_active111: 1
instance.is_active2: 1
[INFO][2021-09-27 19:00:31,659][monitor_task.py:30]test_job2 was called
args11111: ('para1vale', 'para2_value', 'test_job2') 3 <class 'str'>
job_id11111: test_job2
args2: ('para1vale', 'para2_value')
我是apscheduler任务 para1vale para2_value
res_call: {'result': False, 'data': "[{'disk_size:':200, 'memory':2400, 'msg':'Error'}]"}
[ERROR][2021-09-27 19:00:31,661][monitor_task.py:52]Error,执行失败 monitor_job: [test_job2] 执行监控项:[test_job2]，返回结果：[[{'disk_size:':200, 'memory':2400, 'msg':'Error'}]]
job_id,ntime: test_job2
instance.is_active111: 1
instance.is_active2: 1
[INFO][2021-09-27 19:01:31,659][monitor_task.py:30]test_job2 was called
args11111: ('para1vale', 'para2_value', 'test_job2') 3 <class 'str'>
job_id11111: test_job2
args2: ('para1vale', 'para2_value')
我是apscheduler任务 para1vale para2_value
res_call: {'result': False, 'data': "[{'disk_size:':200, 'memory':2400, 'msg':'Error'}]"}
[ERROR][2021-09-27 19:01:31,664][monitor_task.py:52]Error,执行失败 monitor_job: [test_job2] 执行监控项:[test_job2]，返回结果：[[{'disk_size:':200, 'memory':2400, 'msg':'Error'}]]
job_id,ntime: test_job2
instance.is_active111: 1
instance.is_active2: 1
[INFO][2021-09-27 19:02:31,664][monitor_task.py:30]test_job2 was called
args11111: ('para1vale', 'para2_value', 'test_job2') 3 <class 'str'>
job_id11111: test_job2
args2: ('para1vale', 'para2_value')
我是apscheduler任务 para1vale para2_value
res_call: {'result': False, 'data': "[{'disk_size:':200, 'memory':2400, 'msg':'Error'}]"}
[ERROR][2021-09-27 19:02:31,667][monitor_task.py:52]Error,执行失败 monitor_job: [test_job2] 执行监控项:[test_job2]，返回结果：[[{'disk_size:':200, 'memory':2400, 'msg':'Error'}]]
job_id,ntime: test_job2
instance.is_active111: 1
instance.is_active2: 1
[INFO][2021-09-27 19:03:31,660][monitor_task.py:30]test_job2 was called
args11111: ('para1vale', 'para2_value', 'test_job2') 3 <class 'str'>
job_id11111: test_job2
args2: ('para1vale', 'para2_value')
我是apscheduler任务 para1vale para2_value
res_call: {'result': False, 'data': "[{'disk_size:':200, 'memory':2400, 'msg':'Error'}]"}
[ERROR][2021-09-27 19:03:31,662][monitor_task.py:52]Error,执行失败 monitor_job: [test_job2] 执行监控项:[test_job2]，返回结果：[[{'disk_size:':200, 'memory':2400, 'msg':'Error'}]]
job_id,ntime: test_job2
instance.is_active111: 1
instance.is_active2: 1
[INFO][2021-09-27 19:04:31,666][monitor_task.py:30]test_job2 was called
args11111: ('para1vale', 'para2_value', 'test_job2') 3 <class 'str'>
job_id11111: test_job2
args2: ('para1vale', 'para2_value')
我是apscheduler任务 para1vale para2_value
res_call: {'result': False, 'data': "[{'disk_size:':200, 'memory':2400, 'msg':'Error'}]"}
[ERROR][2021-09-27 19:04:31,669][monitor_task.py:52]Error,执行失败 monitor_job: [test_job2] 执行监控项:[test_job2]，返回结果：[[{'disk_size:':200, 'memory':2400, 'msg':'Error'}]]
job_id,ntime: test_job2
instance.is_active111: 1
instance.is_active2: 1
[INFO][2021-09-27 19:05:23,122][monitor_task.py:30]test_job was called
args11111: ('test_job',) 1 <class 'str'>
job_id11111: test_job
args2: ()
I am testjob1
res_call: {'result': True, 'data': "[{'disk_size:':100, 'memory':2400, 'msg':'ok'}]"}
[INFO][2021-09-27 19:05:23,128][monitor_task.py:49]Ok,执行成功 monitor_job: [test_job] 执行监控项:[test_job]，返回结果：[[{'disk_size:':100, 'memory':2400, 'msg':'ok'}]]
job_id,ntime: test_job
instance.is_active111: 1
instance.is_active2: 1
[INFO][2021-09-27 19:05:31,668][monitor_task.py:30]test_job2 was called
args11111: ('para1vale', 'para2_value', 'test_job2') 3 <class 'str'>
job_id11111: test_job2
args2: ('para1vale', 'para2_value')
我是apscheduler任务 para1vale para2_value
res_call: {'result': False, 'data': "[{'disk_size:':200, 'memory':2400, 'msg':'Error'}]"}
[ERROR][2021-09-27 19:05:31,670][monitor_task.py:52]Error,执行失败 monitor_job: [test_job2] 执行监控项:[test_job2]，返回结果：[[{'disk_size:':200, 'memory':2400, 'msg':'Error'}]]
job_id,ntime: test_job2
instance.is_active111: 1
instance.is_active2: 1
[INFO][2021-09-27 19:06:31,659][monitor_task.py:30]test_job2 was called
args11111: ('para1vale', 'para2_value', 'test_job2') 3 <class 'str'>
job_id11111: test_job2
args2: ('para1vale', 'para2_value')
我是apscheduler任务 para1vale para2_value
res_call: {'result': False, 'data': "[{'disk_size:':200, 'memory':2400, 'msg':'Error'}]"}
[ERROR][2021-09-27 19:06:31,662][monitor_task.py:52]Error,执行失败 monitor_job: [test_job2] 执行监控项:[test_job2]，返回结果：[[{'disk_size:':200, 'memory':2400, 'msg':'Error'}]]
job_id,ntime: test_job2
instance.is_active111: 1
instance.is_active2: 1
[INFO][2021-09-27 19:07:31,666][monitor_task.py:30]test_job2 was called
args11111: ('para1vale', 'para2_value', 'test_job2') 3 <class 'str'>
job_id11111: test_job2
args2: ('para1vale', 'para2_value')
我是apscheduler任务 para1vale para2_value
res_call: {'result': False, 'data': "[{'disk_size:':200, 'memory':2400, 'msg':'Error'}]"}
[ERROR][2021-09-27 19:07:31,670][monitor_task.py:52]Error,执行失败 monitor_job: [test_job2] 执行监控项:[test_job2]，返回结果：[[{'disk_size:':200, 'memory':2400, 'msg':'Error'}]]
job_id,ntime: test_job2
instance.is_active111: 1
instance.is_active2: 1
[INFO][2021-09-27 19:08:31,660][monitor_task.py:30]test_job2 was called
args11111: ('para1vale', 'para2_value', 'test_job2') 3 <class 'str'>
job_id11111: test_job2
args2: ('para1vale', 'para2_value')
我是apscheduler任务 para1vale para2_value
res_call: {'result': False, 'data': "[{'disk_size:':200, 'memory':2400, 'msg':'Error'}]"}
[ERROR][2021-09-27 19:08:31,662][monitor_task.py:52]Error,执行失败 monitor_job: [test_job2] 执行监控项:[test_job2]，返回结果：[[{'disk_size:':200, 'memory':2400, 'msg':'Error'}]]
job_id,ntime: test_job2
instance.is_active111: 1
instance.is_active2: 1
[INFO][2021-09-27 19:09:31,659][monitor_task.py:30]test_job2 was called
args11111: ('para1vale', 'para2_value', 'test_job2') 3 <class 'str'>
job_id11111: test_job2
args2: ('para1vale', 'para2_value')
我是apscheduler任务 para1vale para2_value
res_call: {'result': False, 'data': "[{'disk_size:':200, 'memory':2400, 'msg':'Error'}]"}
[ERROR][2021-09-27 19:09:31,662][monitor_task.py:52]Error,执行失败 monitor_job: [test_job2] 执行监控项:[test_job2]，返回结果：[[{'disk_size:':200, 'memory':2400, 'msg':'Error'}]]
job_id,ntime: test_job2
instance.is_active111: 1
instance.is_active2: 1
[INFO][2021-09-27 19:10:23,123][monitor_task.py:30]test_job was called
args11111: ('test_job',) 1 <class 'str'>
job_id11111: test_job
args2: ()
I am testjob1
res_call: {'result': True, 'data': "[{'disk_size:':100, 'memory':2400, 'msg':'ok'}]"}
[INFO][2021-09-27 19:10:23,125][monitor_task.py:49]Ok,执行成功 monitor_job: [test_job] 执行监控项:[test_job]，返回结果：[[{'disk_size:':100, 'memory':2400, 'msg':'ok'}]]
job_id,ntime: test_job
instance.is_active111: 1
instance.is_active2: 1
[INFO][2021-09-27 19:10:31,664][monitor_task.py:30]test_job2 was called
args11111: ('para1vale', 'para2_value', 'test_job2') 3 <class 'str'>
job_id11111: test_job2
args2: ('para1vale', 'para2_value')
我是apscheduler任务 para1vale para2_value
res_call: {'result': False, 'data': "[{'disk_size:':200, 'memory':2400, 'msg':'Error'}]"}
[ERROR][2021-09-27 19:10:31,667][monitor_task.py:52]Error,执行失败 monitor_job: [test_job2] 执行监控项:[test_job2]，返回结果：[[{'disk_size:':200, 'memory':2400, 'msg':'Error'}]]
job_id,ntime: test_job2
instance.is_active111: 1
instance.is_active2: 1
[INFO][2021-09-27 19:11:31,668][monitor_task.py:30]test_job2 was called
args11111: ('para1vale', 'para2_value', 'test_job2') 3 <class 'str'>
job_id11111: test_job2
args2: ('para1vale', 'para2_value')
我是apscheduler任务 para1vale para2_value
res_call: {'result': False, 'data': "[{'disk_size:':200, 'memory':2400, 'msg':'Error'}]"}
[ERROR][2021-09-27 19:11:31,671][monitor_task.py:52]Error,执行失败 monitor_job: [test_job2] 执行监控项:[test_job2]，返回结果：[[{'disk_size:':200, 'memory':2400, 'msg':'Error'}]]
job_id,ntime: test_job2
instance.is_active111: 1
instance.is_active2: 1
[INFO][2021-09-27 19:12:31,660][monitor_task.py:30]test_job2 was called
args11111: ('para1vale', 'para2_value', 'test_job2') 3 <class 'str'>
job_id11111: test_job2
args2: ('para1vale', 'para2_value')
我是apscheduler任务 para1vale para2_value
res_call: {'result': False, 'data': "[{'disk_size:':200, 'memory':2400, 'msg':'Error'}]"}
[ERROR][2021-09-27 19:12:31,662][monitor_task.py:52]Error,执行失败 monitor_job: [test_job2] 执行监控项:[test_job2]，返回结果：[[{'disk_size:':200, 'memory':2400, 'msg':'Error'}]]
job_id,ntime: test_job2
instance.is_active111: 1
instance.is_active2: 1
[INFO][2021-09-27 19:13:31,660][monitor_task.py:30]test_job2 was called
args11111: ('para1vale', 'para2_value', 'test_job2') 3 <class 'str'>
job_id11111: test_job2
args2: ('para1vale', 'para2_value')
我是apscheduler任务 para1vale para2_value
res_call: {'result': False, 'data': "[{'disk_size:':200, 'memory':2400, 'msg':'Error'}]"}
[ERROR][2021-09-27 19:13:31,663][monitor_task.py:52]Error,执行失败 monitor_job: [test_job2] 执行监控项:[test_job2]，返回结果：[[{'disk_size:':200, 'memory':2400, 'msg':'Error'}]]
job_id,ntime: test_job2
instance.is_active111: 1
instance.is_active2: 1
[INFO][2021-09-27 19:14:31,663][monitor_task.py:30]test_job2 was called
args11111: ('para1vale', 'para2_value', 'test_job2') 3 <class 'str'>
job_id11111: test_job2
args2: ('para1vale', 'para2_value')
我是apscheduler任务 para1vale para2_value
res_call: {'result': False, 'data': "[{'disk_size:':200, 'memory':2400, 'msg':'Error'}]"}
[ERROR][2021-09-27 19:14:31,665][monitor_task.py:52]Error,执行失败 monitor_job: [test_job2] 执行监控项:[test_job2]，返回结果：[[{'disk_size:':200, 'memory':2400, 'msg':'Error'}]]
job_id,ntime: test_job2
instance.is_active111: 1
instance.is_active2: 1
[INFO][2021-09-27 19:15:23,125][monitor_task.py:30]test_job was called
args11111: ('test_job',) 1 <class 'str'>
job_id11111: test_job
args2: ()
I am testjob1
res_call: {'result': True, 'data': "[{'disk_size:':100, 'memory':2400, 'msg':'ok'}]"}
[INFO][2021-09-27 19:15:23,127][monitor_task.py:49]Ok,执行成功 monitor_job: [test_job] 执行监控项:[test_job]，返回结果：[[{'disk_size:':100, 'memory':2400, 'msg':'ok'}]]
